# 20261005-002102 sandbox 36413f27-5e2a-4828-b4a9-b7a9df7a40de gpu RTX-5090
# blender --background --factory-startup --python build_tortilla.py --bake-only

[    0.0s] === build_tortilla.py starting ===
[    0.0s] argv: /opt/blender/blender --background --factory-startup --python build_tortilla.py -- --bake-only
[    0.1s] Scene reset to empty factory state.
[    0.1s] Host: Linux-6.8.0-137-generic-x86_64-with-glibc2.36 | x86_64 | Blender 4.5.13 LTS
[    0.1s] Cutting board built (500 x 360 x 30 mm, beveled).
[    0.1s] Tortilla mesh built: 577 verts, 576 faces.
[    0.1s] Fold rig built (cloth + 2 animated paddle colliders). Frames 1-132.
[    0.1s] Wood material built (procedural grain + scratches + satin coat).
[    0.1s] Tortilla material built (procedural, node-based).
[    0.1s] Lighting built: soft key + fill + rim + top (all procedural area lights).
[    0.1s] World built: procedural vertical gradient (no HDRI).
[    0.1s] Camera built: 85 mm, f/2.8, DoF focused on leading folded edge.
[    0.1s] Steam volume material built (subtle).
[    0.1s] Subtle volumetric steam domain added.
[    0.3s] Cycles device: OPTIX ['NVIDIA GeForce RTX 5090']
[    0.3s] Render: Cycles 3840x2160, 512 samples, AgX, 16-bit PNG.
[    0.5s] Baking cloth simulation (132 frames, quality 6)...
[  320.9s] Cloth bake finished in 320.4s.
[  321.2s]   frame   1  x[-0.107,0.112] y[-0.112,0.107] z[-0.001,0.004]  quads=[4654, 4738, 4756, 4670]
[  321.2s]   frame  12  x[-0.107,0.068] y[-0.094,0.078] z[-0.009,0.071]  quads=[7870, 2752, 5497, 2699]
[  321.3s]   frame  22  x[-0.107,0.047] y[-0.096,0.056] z[-0.011,0.131]  quads=[11224, 1985, 4390, 1219]
[  321.4s]   frame  48  x[-0.107,0.025] y[-0.092,0.151] z[-0.111,0.169]  quads=[10955, 3072, 3611, 1180]
[  321.5s]   frame  52  x[-0.973,0.065] y[-0.092,0.082] z[-0.013,0.926]  quads=[9957, 3628, 3740, 1493]
[  321.6s]   frame  66  x[-0.404,0.060] y[-0.086,0.145] z[-1.240,0.127]  quads=[5876, 73, 12519, 350]
[  321.7s]   frame  76  x[-0.107,0.071] y[-0.081,0.058] z[-0.014,0.195]  quads=[11541, 515, 6745, 17]
[  321.8s]   frame 102  x[-0.164,0.834] y[-0.417,0.255] z[-0.787,0.362]  quads=[17216, 84, 1456, 62]
[  321.9s]   frame 106  x[-0.197,-0.016] y[-0.113,0.081] z[-0.026,0.161]  quads=[17518, 0, 1300, 0]
[  321.9s]   frame 120  x[-0.179,0.012] y[-0.114,0.048] z[-0.057,0.182]  quads=[10446, 501, 7844, 27]
[  322.0s]   frame 132  x[-0.221,0.010] y[-0.153,0.083] z[-0.000,0.180]  quads=[16387, 237, 2194, 0]
[  322.0s] ---- folded-tortilla diagnostics (final frame) ----
[  322.1s]   verts                        18818
[  322.1s]   x                            (-0.22107286751270294, 0.010354139842092991)
[  322.1s]   y                            (-0.15267044305801392, 0.0827367901802063)
[  322.1s]   z                            (-0.00027042647707276046, 0.1799197793006897)
[  322.1s]   span                         (0.23142700735479593, 0.23540723323822021, 0.18019020577776246)
[  322.1s]   quadrants_[--,-+,+-,++]      [16387, 237, 2194, 0]
[  322.1s] ---------------------------------------------------
Info: Saved as "tortilla_baked.blend"
[  322.1s] Saved .blend: /workspace/output/tortilla_baked.blend
[  322.1s] Wrote /workspace/output/run_info.txt
[  322.1s] --bake-only requested: skipping render.
[  322.1s] === done in 322.1s; outputs in /workspace/output ===
Blender 4.5.13 LTS (hash daeeeca98fb0 built 2026-08-25 01:31:19)
bake: frame 1 :: 132
bake: frame 2 :: 132
bake: frame 3 :: 132
bake: frame 4 :: 132
bake: frame 5 :: 132
bake: frame 6 :: 132
bake: frame 7 :: 132
bake: frame 8 :: 132
bake: frame 9 :: 132
bake: frame 10 :: 132
bake: frame 11 :: 132
bake: frame 12 :: 132
bake: frame 13 :: 132
bake: frame 14 :: 132
bake: frame 15 :: 132
bake: frame 16 :: 132
bake: frame 17 :: 132
bake: frame 18 :: 132
bake: frame 19 :: 132
bake: frame 20 :: 132
bake: frame 21 :: 132
bake: frame 22 :: 132
bake: frame 23 :: 132
bake: frame 24 :: 132
bake: frame 25 :: 132
bake: frame 26 :: 132
bake: frame 27 :: 132
bake: frame 28 :: 132
bake: frame 29 :: 132
bake: frame 30 :: 132
bake: frame 31 :: 132
bake: frame 32 :: 132
bake: frame 33 :: 132
bake: frame 34 :: 132
bake: frame 35 :: 132
bake: frame 36 :: 132
bake: frame 37 :: 132
bake: frame 38 :: 132
bake: frame 39 :: 132
bake: frame 40 :: 132
bake: frame 41 :: 132
bake: frame 42 :: 132
bake: frame 43 :: 132
bake: frame 44 :: 132
bake: frame 45 :: 132
bake: frame 46 :: 132
bake: frame 47 :: 132
bake: frame 48 :: 132
bake: frame 49 :: 132
bake: frame 50 :: 132
bake: frame 51 :: 132
bake: frame 52 :: 132
bake: frame 53 :: 132
bake: frame 54 :: 132
bake: frame 55 :: 132
bake: frame 56 :: 132
bake: frame 57 :: 132
bake: frame 58 :: 132
bake: frame 59 :: 132
bake: frame 60 :: 132
bake: frame 61 :: 132
bake: frame 62 :: 132
bake: frame 63 :: 132
bake: frame 64 :: 132
bake: frame 65 :: 132
bake: frame 66 :: 132
bake: frame 67 :: 132
bake: frame 68 :: 132
bake: frame 69 :: 132
bake: frame 70 :: 132
bake: frame 71 :: 132
bake: frame 72 :: 132
bake: frame 73 :: 132
bake: frame 74 :: 132
bake: frame 75 :: 132
bake: frame 76 :: 132
bake: frame 77 :: 132
bake: frame 78 :: 132
bake: frame 79 :: 132
bake: frame 80 :: 132
bake: frame 81 :: 132
bake: frame 82 :: 132
bake: frame 83 :: 132
bake: frame 84 :: 132
bake: frame 85 :: 132
bake: frame 86 :: 132
bake: frame 87 :: 132
bake: frame 88 :: 132
bake: frame 89 :: 132
bake: frame 90 :: 132
bake: frame 91 :: 132
bake: frame 92 :: 132
bake: frame 93 :: 132
bake: frame 94 :: 132
bake: frame 95 :: 132
bake: frame 96 :: 132
bake: frame 97 :: 132
bake: frame 98 :: 132
bake: frame 99 :: 132
bake: frame 100 :: 132
bake: frame 101 :: 132
bake: frame 102 :: 132
bake: frame 103 :: 132
bake: frame 104 :: 132
bake: frame 105 :: 132
bake: frame 106 :: 132
bake: frame 107 :: 132
bake: frame 108 :: 132
bake: frame 109 :: 132
bake: frame 110 :: 132
bake: frame 111 :: 132
bake: frame 112 :: 132
bake: frame 113 :: 132
bake: frame 114 :: 132
bake: frame 115 :: 132
bake: frame 116 :: 132
bake: frame 117 :: 132
bake: frame 118 :: 132
bake: frame 119 :: 132
bake: frame 120 :: 132
bake: frame 121 :: 132
bake: frame 122 :: 132
bake: frame 123 :: 132
bake: frame 124 :: 132
bake: frame 125 :: 132
bake: frame 126 :: 132
bake: frame 127 :: 132
bake: frame 128 :: 132
bake: frame 129 :: 132
bake: frame 130 :: 132
bake: frame 131 :: 132
bake: frame 132 :: 132

# exit 0  335s  files: ['output/run_info.txt', 'output/tortilla_baked.blend']
