# 20261005-003029 sandbox 67021df4-60d3-440f-86fe-c9233708acc9 gpu RTX-5090
# blender --background --factory-startup --python build_tortilla.py --bake-only

[    0.0s] === build_tortilla.py starting ===
[    0.0s] argv: /opt/blender/blender --background --factory-startup --python build_tortilla.py -- --bake-only
[    0.1s] Scene reset to empty factory state.
[    0.1s] Host: Linux-6.8.0-137-generic-x86_64-with-glibc2.36 | x86_64 | Blender 4.5.13 LTS
[    0.1s] Cutting board built (500 x 360 x 30 mm, beveled).
[    0.1s] Tortilla mesh built: 609 verts, 556 faces (uniform grid disk).
[    0.1s]   pin property: Vertex Group for pinning of vertices
[    0.3s] Fold rig built (cloth + 2 animated paddle colliders). Frames 1-132.
[    0.3s] Wood material built (procedural grain + scratches + satin coat).
[    0.3s] Tortilla material built (procedural, node-based).
[    0.3s] Lighting built: soft key + fill + rim + top (all procedural area lights).
[    0.3s] World built: procedural vertical gradient (no HDRI).
[    0.3s] Camera built: 85 mm, f/2.8, DoF focused on leading folded edge.
[    0.3s] Steam volume material built (subtle).
[    0.3s] Subtle volumetric steam domain added.
[    0.5s] Cycles device: OPTIX ['NVIDIA GeForce RTX 5090']
[    0.5s] Render: Cycles 3840x2160, 512 samples, AgX, 16-bit PNG.
[    0.5s] Baking cloth simulation (132 frames, quality 6)...
[  123.8s] Cloth bake finished in 123.3s.
[  124.0s]   frame   1  x[-0.107,0.112] y[-0.112,0.107] z[-0.001,0.003]  quads=[4831, 4936, 4898, 4793]
[  124.1s]   frame   2  x[-0.107,0.112] y[-0.112,0.107] z[-0.000,0.004]  quads=[4935, 4864, 4902, 4757]
[  124.2s]   frame   4  x[-0.107,0.112] y[-0.112,0.107] z[-0.000,0.007]  quads=[4973, 4815, 4864, 4806]
[  124.3s]   frame   6  x[-0.107,0.110] y[-0.111,0.107] z[-0.000,0.010]  quads=[4969, 4811, 4979, 4699]
[  124.4s]   frame   8  x[-0.107,0.107] y[-0.110,0.106] z[0.000,0.012]  quads=[5080, 4690, 5086, 4602]
[  124.5s]   frame  10  x[-0.107,0.104] y[-0.109,0.105] z[0.001,0.014]  quads=[5210, 4589, 5204, 4455]
[  124.6s]   frame  12  x[-0.108,0.102] y[-0.108,0.105] z[0.001,0.017]  quads=[5309, 4457, 5298, 4394]
[  124.7s]   frame  22  x[-0.107,0.079] y[-0.090,0.101] z[-0.000,0.058]  quads=[5267, 4205, 5551, 4435]
[  124.8s]   frame  48  x[-0.177,-0.025] y[-0.074,0.083] z[-0.017,0.154]  quads=[9195, 0, 10263, 0]
[  124.9s]   frame  52  x[-0.122,-0.027] y[-0.071,0.085] z[-0.027,0.039]  quads=[8622, 0, 10836, 0]
[  125.0s]   frame  66  x[-0.284,-0.108] y[-0.477,0.088] z[-0.917,0.033]  quads=[8220, 0, 11238, 0]
[  125.1s]   frame  76  x[-0.277,-0.107] y[-0.086,0.063] z[-0.009,0.034]  quads=[10612, 0, 8846, 0]
[  125.2s]   frame 102  x[-0.273,-0.083] y[-0.101,0.045] z[-0.131,0.028]  quads=[12916, 0, 6542, 0]
[  125.3s]   frame 106  x[-0.273,-0.107] y[-0.095,0.093] z[-0.035,0.056]  quads=[12110, 0, 7348, 0]
[  125.4s]   frame 120  x[-0.277,-0.108] y[-0.076,0.075] z[-0.035,0.032]  quads=[9821, 0, 9637, 0]
[  125.5s]   frame 132  x[-0.274,-0.108] y[-0.059,0.087] z[-0.167,0.045]  quads=[8170, 0, 11288, 0]
[  125.5s] ---- folded-tortilla diagnostics (final frame) ----
[  125.6s]   verts                        19458
[  125.6s]   x                            (-0.2737298905849457, -0.10756123811006546)
[  125.6s]   y                            (-0.05884446203708649, 0.08742985874414444)
[  125.6s]   z                            (-0.16687637567520142, 0.045198701322078705)
[  125.6s]   span                         (0.16616865247488022, 0.14627432078123093, 0.21207507699728012)
[  125.6s]   quadrants_[--,-+,+-,++]      [8170, 0, 11288, 0]
[  125.6s] ---------------------------------------------------
Info: Saved as "tortilla_baked.blend"
[  125.6s] Saved .blend: /workspace/output/tortilla_baked.blend
[  125.6s] Wrote /workspace/output/run_info.txt
[  125.6s] --bake-only requested: skipping render.
[  125.6s] === done in 125.6s; outputs in /workspace/output ===
Blender 4.5.13 LTS (hash daeeeca98fb0 built 2026-08-25 01:31:19)
bake: frame 1 :: 132
bake: frame 2 :: 132
bake: frame 3 :: 132
bake: frame 4 :: 132
bake: frame 5 :: 132
bake: frame 6 :: 132
bake: frame 7 :: 132
bake: frame 8 :: 132
bake: frame 9 :: 132
bake: frame 10 :: 132
bake: frame 11 :: 132
bake: frame 12 :: 132
bake: frame 13 :: 132
bake: frame 14 :: 132
bake: frame 15 :: 132
bake: frame 16 :: 132
bake: frame 17 :: 132
bake: frame 18 :: 132
bake: frame 19 :: 132
bake: frame 20 :: 132
bake: frame 21 :: 132
bake: frame 22 :: 132
bake: frame 23 :: 132
bake: frame 24 :: 132
bake: frame 25 :: 132
bake: frame 26 :: 132
bake: frame 27 :: 132
bake: frame 28 :: 132
bake: frame 29 :: 132
bake: frame 30 :: 132
bake: frame 31 :: 132
bake: frame 32 :: 132
bake: frame 33 :: 132
bake: frame 34 :: 132
bake: frame 35 :: 132
bake: frame 36 :: 132
bake: frame 37 :: 132
bake: frame 38 :: 132
bake: frame 39 :: 132
bake: frame 40 :: 132
bake: frame 41 :: 132
bake: frame 42 :: 132
bake: frame 43 :: 132
bake: frame 44 :: 132
bake: frame 45 :: 132
bake: frame 46 :: 132
bake: frame 47 :: 132
bake: frame 48 :: 132
bake: frame 49 :: 132
bake: frame 50 :: 132
bake: frame 51 :: 132
bake: frame 52 :: 132
bake: frame 53 :: 132
bake: frame 54 :: 132
bake: frame 55 :: 132
bake: frame 56 :: 132
bake: frame 57 :: 132
bake: frame 58 :: 132
bake: frame 59 :: 132
bake: frame 60 :: 132
bake: frame 61 :: 132
bake: frame 62 :: 132
bake: frame 63 :: 132
bake: frame 64 :: 132
bake: frame 65 :: 132
bake: frame 66 :: 132
bake: frame 67 :: 132
bake: frame 68 :: 132
bake: frame 69 :: 132
bake: frame 70 :: 132
bake: frame 71 :: 132
bake: frame 72 :: 132
bake: frame 73 :: 132
bake: frame 74 :: 132
bake: frame 75 :: 132
bake: frame 76 :: 132
bake: frame 77 :: 132
bake: frame 78 :: 132
bake: frame 79 :: 132
bake: frame 80 :: 132
bake: frame 81 :: 132
bake: frame 82 :: 132
bake: frame 83 :: 132
bake: frame 84 :: 132
bake: frame 85 :: 132
bake: frame 86 :: 132
bake: frame 87 :: 132
bake: frame 88 :: 132
bake: frame 89 :: 132
bake: frame 90 :: 132
bake: frame 91 :: 132
bake: frame 92 :: 132
bake: frame 93 :: 132
bake: frame 94 :: 132
bake: frame 95 :: 132
bake: frame 96 :: 132
bake: frame 97 :: 132
bake: frame 98 :: 132
bake: frame 99 :: 132
bake: frame 100 :: 132
bake: frame 101 :: 132
bake: frame 102 :: 132
bake: frame 103 :: 132
bake: frame 104 :: 132
bake: frame 105 :: 132
bake: frame 106 :: 132
bake: frame 107 :: 132
bake: frame 108 :: 132
bake: frame 109 :: 132
bake: frame 110 :: 132
bake: frame 111 :: 132
bake: frame 112 :: 132
bake: frame 113 :: 132
bake: frame 114 :: 132
bake: frame 115 :: 132
bake: frame 116 :: 132
bake: frame 117 :: 132
bake: frame 118 :: 132
bake: frame 119 :: 132
bake: frame 120 :: 132
bake: frame 121 :: 132
bake: frame 122 :: 132
bake: frame 123 :: 132
bake: frame 124 :: 132
bake: frame 125 :: 132
bake: frame 126 :: 132
bake: frame 127 :: 132
bake: frame 128 :: 132
bake: frame 129 :: 132
bake: frame 130 :: 132
bake: frame 131 :: 132
bake: frame 132 :: 132

# exit 0  140s  files: ['output/run_info.txt', 'output/tortilla_baked.blend']
