# 20261005-003357 sandbox 81d0a56c-153c-470b-8e5b-ba38b924858f gpu RTX-5090
# blender --background --factory-startup --python build_tortilla.py --bake-only

[    0.0s] === build_tortilla.py starting ===
[    0.0s] argv: /opt/blender/blender --background --factory-startup --python build_tortilla.py -- --bake-only
[    0.1s] Scene reset to empty factory state.
[    0.1s] Host: Linux-6.8.0-137-generic-x86_64-with-glibc2.36 | x86_64 | Blender 4.5.13 LTS
[    0.1s] Cutting board built (500 x 360 x 30 mm, beveled).
[    0.1s]   pinned 139 verts in the stationary quarter.
[    0.1s] Tortilla mesh built: 609 verts, 556 faces (uniform grid disk).
[    0.1s]   pin property: Vertex Group for pinning of vertices
[    0.3s] Fold rig built (cloth + 2 animated paddle colliders). Frames 1-186.
[    0.3s] Wood material built (procedural grain + scratches + satin coat).
[    0.3s] Tortilla material built (procedural, node-based).
[    0.3s] Lighting built: soft key + fill + rim + top (all procedural area lights).
[    0.3s] World built: procedural vertical gradient (no HDRI).
[    0.3s] Camera built: 85 mm, f/2.8, DoF focused on leading folded edge.
[    0.3s] Steam volume material built (subtle).
[    0.3s] Subtle volumetric steam domain added.
[    0.5s] Cycles device: OPTIX ['NVIDIA GeForce RTX 5090']
[    0.5s] Render: Cycles 3840x2160, 512 samples, AgX, 16-bit PNG.
[    0.5s] Baking cloth simulation (186 frames, quality 6)...
Blender 4.5.13 LTS (hash daeeeca98fb0 built 2026-08-25 01:31:19)
bake: frame 1 :: 186
bake: frame 2 :: 186
bake: frame 3 :: 186
bake: frame 4 :: 186
bake: frame 5 :: 186
bake: frame 6 :: 186
bake: frame 7 :: 186
bake: frame 8 :: 186
bake: frame 9 :: 186
bake: frame 10 :: 186
bake: frame 11 :: 186
bake: frame 12 :: 186
bake: frame 13 :: 186
bake: frame 14 :: 186
bake: frame 15 :: 186
bake: frame 16 :: 186
bake: frame 17 :: 186
bake: frame 18 :: 186
bake: frame 19 :: 186
bake: frame 20 :: 186
bake: frame 21 :: 186
bake: frame 22 :: 186
bake: frame 23 :: 186
bake: frame 24 :: 186
bake: frame 25 :: 186
bake: frame 26 :: 186
bake: frame 27 :: 186
bake: frame 28 :: 186
bake: frame 29 :: 186
bake: frame 30 :: 186
bake: frame 31 :: 186
bake: frame 32 :: 186
bake: frame 33 :: 186
bake: frame 34 :: 186
bake: frame 35 :: 186
bake: frame 36 :: 186
bake: frame 37 :: 186
bake: frame 38 :: 186
bake: frame 39 :: 186
bake: frame 40 :: 186
bake: frame 41 :: 186
bake: frame 42 :: 186
bake: frame 43 :: 186
bake: frame 44 :: 186
bake: frame 45 :: 186
bake: frame 46 :: 186
bake: frame 47 :: 186
bake: frame 48 :: 186
bake: frame 49 :: 186
bake: frame 50 :: 186
bake: frame 51 :: 186
bake: frame 52 :: 186
bake: frame 53 :: 186
bake: frame 54 :: 186
bake: frame 55 :: 186
bake: frame 56 :: 186
bake: frame 57 :: 186
bake: frame 58 :: 186
bake: frame 59 :: 186
bake: frame 60 :: 186
bake: frame 61 :: 186
bake: frame 62 :: 186
bake: frame 63 :: 186
bake: frame 64 :: 186
bake: frame 65 :: 186
bake: frame 66 :: 186
bake: frame 67 :: 186
bake: frame 68 :: 186
bake: frame 69 :: 186
bake: frame 70 :: 186
bake: frame 71 :: 186
bake: frame 72 :: 186
bake: frame 73 :: 186
bake: frame 74 :: 186
bake: frame 75 :: 186
bake: frame 76 :: 186
bake: frame 77 :: 186
bake: frame 78 :: 186
bake: frame 79 :: 186
bake: frame 80 :: 186
bake: frame 81 :: 186
bake: frame 82 :: 186
bake: frame 83 :: 186
bake: frame 84 :: 186
bake: frame 85 :: 186
bake: frame 86 :: 186
bake: frame 87 :: 186
bake: frame 88 :: 186
bake: frame 89 :: 186
bake: frame 90 :: 186
bake: frame 91 :: 186
bake: frame 92 :: 186
bake: frame 93 :: 186
bake: frame 94 :: 186
bake: frame 95 :: 186
bake: frame 96 :: 186
bake: frame 97 :: 186
bake: frame 98 :: 186
bake: frame 99 :: 186
bake: frame 100 :: 186
bake: frame 101 :: 186
bake: frame 102 :: 186
bake: frame 103 :: 186
bake: frame 104 :: 186
bake: frame 105 :: 186
bake: frame 106 :: 186
bake: frame 107 :: 186
bake: frame 108 :: 186
bake: frame 109 :: 186
bake: frame 110 :: 186
bake: frame 111 :: 186
bake: frame 112 :: 186
bake: frame 113 :: 186
bake: frame 114 :: 186
bake: frame 115 :: 186
bake: frame 116 :: 186
bake: frame 117 :: 186
bake: frame 118 :: 186
bake: frame 119 :: 186
bake: frame 120 :: 186
bake: frame 121 :: 186
bake: frame 122 :: 186
bake: frame 123 :: 186
bake: frame 124 :: 186
bake: frame 125 :: 186
bake: frame 126 :: 186
bake: frame 127 :: 186
bake: frame 128 :: 186
bake: frame 129 :: 186
bake: frame 130 :: 186
bake: frame 131 :: 186
bake: frame 132 :: 186
bake: frame 133 :: 186
bake: frame 134 :: 186
bake: frame 135 :: 186
bake: frame 136 :: 186
bake: frame 137 :: 186
bake: frame 138 :: 186
bake: frame 139 :: 186
bake: frame 140 :: 186
bake: frame 141 :: 186
bake: frame 142 :: 186
bake: frame 143 :: 186
bake: frame 144 :: 186
bake: frame 145 :: 186
bake: frame 146 :: 186
bake: frame 147 :: 186
bake: frame 148 :: 186
bake: frame 149 :: 186
bake: frame 150 :: 186
bake: frame 151 :: 186
bake: frame 152 :: 186
bake: frame 153 :: 186
bake: frame 154 :: 186
bake: frame 155 :: 186
bake: frame 156 :: 186
bake: frame 157 :: 186
bake: frame 158 :: 186
bake: frame 159 :: 186
bake: frame 160 :: 186
bake: frame 161 :: 186
bake: frame 162 :: 186
bake: frame 163 :: 186
bake: frame 164 :: 186
bake: frame 165 :: 186
bake: frame 166 :: 186
bake: frame 167 :: 186
bake: frame 168 :: 186
bake: frame 169 :: 186
bake: frame 170 :: 186
bake: frame 171 :: 186
bake: frame 172 :: 186
bake: frame 173 :: 186
bake: frame 174 :: 186
bake: frame 175 :: 186
bake: frame 176 :: 186
bake: frame 177 :: 186
bake: frame 178 :: 186
bake: frame 179 :: 186
bake: frame 180 :: 186[  177.7s] Cloth bake finished in 177.2s.
[  178.0s]   frame   1  mesh x[-0.107,0.112] y[-0.112,0.107] z[-0.001,0.003]  quads=[4831, 4936, 4898, 4793]
[  178.0s]              sheet z[-0.0011,0.0011] x[-0.107,0.113] y[-0.113,0.108]
[  178.2s]   frame   2  mesh x[-0.107,0.112] y[-0.112,0.108] z[-0.000,0.003]  quads=[4902, 4871, 4890, 4795]
[  178.2s]              sheet z[-0.0003,0.0011] x[-0.108,0.113] y[-0.113,0.108]
[  178.4s]   frame   4  mesh x[-0.107,0.112] y[-0.112,0.107] z[-0.000,0.005]  quads=[4934, 4887, 4876, 4761]
[  178.4s]              sheet z[-0.0003,0.0033] x[-0.108,0.113] y[-0.113,0.108]
[  178.6s]   frame   6  mesh x[-0.107,0.110] y[-0.112,0.106] z[-0.000,0.007]  quads=[4956, 4875, 4870, 4757]
[  178.6s]              sheet z[-0.0003,0.0058] x[-0.107,0.111] y[-0.113,0.106]
[  178.7s]   frame   8  mesh x[-0.107,0.108] y[-0.112,0.105] z[-0.000,0.010]  quads=[4967, 4865, 4864, 4762]
[  178.7s]              sheet z[-0.0003,0.0093] x[-0.107,0.109] y[-0.112,0.105]
[  178.8s]   frame  10  mesh x[-0.107,0.105] y[-0.112,0.103] z[-0.000,0.012]  quads=[5002, 4896, 4840, 4720]
[  178.8s]              sheet z[-0.0003,0.0113] x[-0.107,0.106] y[-0.112,0.103]
[  178.9s]   frame  15  mesh x[-0.107,0.100] y[-0.112,0.098] z[-0.000,0.039]  quads=[5078, 4935, 4815, 4630]
[  178.9s]              sheet z[-0.0003,0.0153] x[-0.107,0.101] y[-0.112,0.099]
[  179.0s]   frame  25  mesh x[-0.107,0.089] y[-0.111,0.084] z[-0.000,0.027]  quads=[5271, 5142, 4820, 4225]
[  179.0s]              sheet z[-0.0026,0.0259] x[-0.107,0.090] y[-0.112,0.085]
[  179.2s]   frame  71  mesh x[-0.107,0.014] y[-0.110,0.069] z[-0.000,0.047]  quads=[9611, 1406, 6751, 1690]
[  179.2s]              sheet z[-0.0031,0.0285] x[-0.107,0.015] y[-0.111,0.070]
[  179.5s]   frame  75  mesh x[-0.107,0.019] y[-0.110,0.070] z[-0.000,0.030]  quads=[9366, 1329, 6557, 2206]
[  179.5s]              sheet z[-0.0014,0.0316] x[-0.107,0.020] y[-0.111,0.071]
[  179.6s]   frame  92  mesh x[-2.102,-0.002] y[-0.811,0.063] z[-0.000,0.223]  quads=[12025, 0, 7433, 0]
[  179.6s]              sheet z[-0.0003,0.0707] x[-0.107,-0.000] y[-0.111,0.065]
[  179.8s]   frame 102  mesh x[-0.107,0.001] y[-0.110,0.066] z[-0.000,0.062]  quads=[10930, 0, 8519, 9]
[  179.8s]              sheet z[-0.0003,0.0636] x[-0.107,0.003] y[-0.111,0.068]
[  180.0s]   frame 148  mesh x[-0.163,0.028] y[-0.110,0.051] z[-0.020,0.058]  quads=[12468, 2852, 3459, 679]
[  180.0s]              sheet z[-0.0030,0.0592] x[-0.107,0.031] y[-0.111,0.023]
[  180.1s]   frame 152  mesh x[-0.107,0.123] y[-0.109,0.021] z[-0.046,0.060]  quads=[11334, 3132, 3926, 1066]
[  180.1s]              sheet z[-0.0022,0.0622] x[-0.107,0.042] y[-0.111,0.023]
[  180.3s]   frame 169  mesh x[-0.107,0.044] y[-0.110,0.030] z[-0.000,0.084]  quads=[11347, 772, 4389, 2950]
[  180.3s]              sheet z[-0.0003,0.0794] x[-0.107,0.045] y[-0.111,0.031]
[  180.5s]   frame 186  mesh x[-0.107,0.038] y[-0.110,0.031] z[-0.008,0.078]  quads=[10680, 1412, 4690, 2676]
[  180.5s]              sheet z[-0.0003,0.0791] x[-0.107,0.039] y[-0.111,0.033]
[  180.5s] ---- folded-tortilla diagnostics (final frame) ----
[  180.5s]   verts                        19458
[  180.5s]   x                            (-0.10668511688709259, 0.03829331323504448)
[  180.5s]   y                            (-0.10956821590662003, 0.031139157712459564)
[  180.5s]   z                            (-0.007637168280780315, 0.07768657058477402)
[  180.5s]   span                         (0.14497843012213707, 0.1407073736190796, 0.08532373886555433)
[  180.5s]   quadrants_[--,-+,+-,++]      [10680, 1412, 4690, 2676]
[  180.5s] ---------------------------------------------------
Info: Saved as "tortilla_baked.blend"
[  180.6s] Saved .blend: /workspace/output/tortilla_baked.blend
[  180.6s] Wrote /workspace/output/run_info.txt
[  180.6s] --bake-only requested: skipping render.
[  180.6s] === done in 180.6s; outputs in /workspace/output ===

bake: frame 181 :: 186
bake: frame 182 :: 186
bake: frame 183 :: 186
bake: frame 184 :: 186
bake: frame 185 :: 186
bake: frame 186 :: 186

# exit 0  195s  files: ['output/run_info.txt', 'output/tortilla_baked.blend']
