# 20261005-003752 sandbox db2ceb9f-2dd6-48b5-b138-e53ad6c46673 gpu RTX-5090
# blender --background --factory-startup --python build_tortilla.py --bake-only

[    0.0s] === build_tortilla.py starting ===
[    0.0s] argv: /opt/blender/blender --background --factory-startup --python build_tortilla.py -- --bake-only
[    0.1s] Scene reset to empty factory state.
[    0.1s] Host: Linux-6.8.0-137-generic-x86_64-with-glibc2.36 | x86_64 | Blender 4.5.13 LTS
[    0.1s] Cutting board built (500 x 360 x 30 mm, beveled).
[    0.1s]   pinned 139 verts in the stationary quarter.
[    0.1s] Tortilla mesh built: 609 verts, 556 faces (uniform grid disk).
[    0.1s]   pin property: Vertex Group for pinning of vertices
[    0.3s] Fold rig built (cloth + 2 animated paddle colliders). Frames 1-186.
[    0.3s] Wood material built (procedural grain + scratches + satin coat).
[    0.3s] Tortilla material built (procedural, node-based).
[    0.3s] Lighting built: soft key + fill + rim + top (all procedural area lights).
[    0.3s] World built: procedural vertical gradient (no HDRI).
[    0.3s] Camera built: 85 mm, f/2.8, DoF focused on leading folded edge.
[    0.3s] Steam volume material built (subtle).
[    0.3s] Subtle volumetric steam domain added.
[    0.5s] Cycles device: OPTIX ['NVIDIA GeForce RTX 5090']
[    0.5s] Render: Cycles 3840x2160, 512 samples, AgX, 16-bit PNG.
[    0.6s] Baking cloth simulation (186 frames, quality 6)...
Blender 4.5.13 LTS (hash daeeeca98fb0 built 2026-08-25 01:31:19)
bake: frame 1 :: 186
bake: frame 2 :: 186
bake: frame 3 :: 186
bake: frame 4 :: 186
bake: frame 5 :: 186
bake: frame 6 :: 186
bake: frame 7 :: 186
bake: frame 8 :: 186
bake: frame 9 :: 186
bake: frame 10 :: 186
bake: frame 11 :: 186
bake: frame 12 :: 186
bake: frame 13 :: 186
bake: frame 14 :: 186
bake: frame 15 :: 186
bake: frame 16 :: 186
bake: frame 17 :: 186
bake: frame 18 :: 186
bake: frame 19 :: 186
bake: frame 20 :: 186
bake: frame 21 :: 186
bake: frame 22 :: 186
bake: frame 23 :: 186
bake: frame 24 :: 186
bake: frame 25 :: 186
bake: frame 26 :: 186
bake: frame 27 :: 186
bake: frame 28 :: 186
bake: frame 29 :: 186
bake: frame 30 :: 186
bake: frame 31 :: 186
bake: frame 32 :: 186
bake: frame 33 :: 186
bake: frame 34 :: 186
bake: frame 35 :: 186
bake: frame 36 :: 186
bake: frame 37 :: 186
bake: frame 38 :: 186
bake: frame 39 :: 186
bake: frame 40 :: 186
bake: frame 41 :: 186
bake: frame 42 :: 186
bake: frame 43 :: 186
bake: frame 44 :: 186
bake: frame 45 :: 186
bake: frame 46 :: 186
bake: frame 47 :: 186
bake: frame 48 :: 186
bake: frame 49 :: 186
bake: frame 50 :: 186
bake: frame 51 :: 186
bake: frame 52 :: 186
bake: frame 53 :: 186
bake: frame 54 :: 186
bake: frame 55 :: 186
bake: frame 56 :: 186
bake: frame 57 :: 186
bake: frame 58 :: 186
bake: frame 59 :: 186
bake: frame 60 :: 186
bake: frame 61 :: 186
bake: frame 62 :: 186
bake: frame 63 :: 186
bake: frame 64 :: 186
bake: frame 65 :: 186
bake: frame 66 :: 186
bake: frame 67 :: 186
bake: frame 68 :: 186
bake: frame 69 :: 186
bake: frame 70 :: 186
bake: frame 71 :: 186
bake: frame 72 :: 186
bake: frame 73 :: 186
bake: frame 74 :: 186
bake: frame 75 :: 186
bake: frame 76 :: 186
bake: frame 77 :: 186
bake: frame 78 :: 186
bake: frame 79 :: 186
bake: frame 80 :: 186
bake: frame 81 :: 186
bake: frame 82 :: 186
bake: frame 83 :: 186
bake: frame 84 :: 186
bake: frame 85 :: 186
bake: frame 86 :: 186
bake: frame 87 :: 186
bake: frame 88 :: 186
bake: frame 89 :: 186
bake: frame 90 :: 186
bake: frame 91 :: 186
bake: frame 92 :: 186
bake: frame 93 :: 186
bake: frame 94 :: 186
bake: frame 95 :: 186
bake: frame 96 :: 186
bake: frame 97 :: 186
bake: frame 98 :: 186
bake: frame 99 :: 186
bake: frame 100 :: 186
bake: frame 101 :: 186
bake: frame 102 :: 186
bake: frame 103 :: 186
bake: frame 104 :: 186
bake: frame 105 :: 186
bake: frame 106 :: 186
bake: frame 107 :: 186
bake: frame 108 :: 186
bake: frame 109 :: 186
bake: frame 110 :: 186
bake: frame 111 :: 186
bake: frame 112 :: 186
bake: frame 113 :: 186
bake: frame 114 :: 186
bake: frame 115 :: 186
bake: frame 116 :: 186
bake: frame 117 :: 186
bake: frame 118 :: 186
bake: frame 119 :: 186
bake: frame 120 :: 186
bake: frame 121 :: 186
bake: frame 122 :: 186
bake: frame 123 :: 186
bake: frame 124 :: 186
bake: frame 125 :: 186
bake: frame 126 :: 186
bake: frame 127 :: 186
bake: frame 128 :: 186
bake: frame 129 :: 186
bake: frame 130 :: 186
bake: frame 131 :: 186
bake: frame 132 :: 186
bake: frame 133 :: 186
bake: frame 134 :: 186
bake: frame 135 :: 186
bake: frame 136 :: 186
bake: frame 137 :: 186
bake: frame 138 :: 186
bake: frame 139 :: 186
bake: frame 140 :: 186
bake: frame 141 :: 186
bake: frame 142 :: 186
bake: frame 143 :: 186
bake: frame 144 :: 186
bake: frame 145 :: 186
bake: frame 146 :: 186
bake: frame 147 :: 186
bake: frame 148 :: 186
bake: frame 149 :: 186
bake: frame 150 :: 186
bake: frame 151 :: 186
bake: frame 152 :: 186
bake: frame 153 :: 186
bake: frame 154 :: 186
bake: frame 155 :: 186
bake: frame 156 :: 186
bake: frame 157 :: 186
bake: frame 158 :: 186
bake: frame 159 :: 186
bake: frame 160 :: 186
bake: frame 161 :: 186
bake: frame 162 :: 186
bake: frame 163 :: 186
bake: frame 164 :: 186
bake: frame 165 :: 186
bake: frame 166 :: 186
bake: frame 167 :: 186
bake: frame 168 :: 186
bake: frame 169 :: 186
bake: frame 170 :: 186
bake: frame 171 :: 186
bake: frame 172 :: 186
bake: frame 173 :: 186
bake: frame 174 :: 186
bake: frame 175 :: 186
bake: frame 176 :: 186
bake: frame 177 :: 186
bake: frame 178 :: 186
bake: frame 179 :: 186
bake: frame 180 :: 186[  120.5s] Cloth bake finished in 119.9s.
[  120.7s]   frame   1  mesh x[-0.107,0.112] y[-0.112,0.107] z[-0.001,0.003]  quads=[4831, 4935, 4898, 4794]
[  120.7s]              sheet z[-0.0011,0.0011] x[-0.107,0.113] y[-0.113,0.108]
[  120.9s]   frame   2  mesh x[-0.107,0.112] y[-0.112,0.107] z[-0.000,0.003]  quads=[4911, 4899, 4839, 4809]
[  120.9s]              sheet z[-0.0003,0.0011] x[-0.107,0.113] y[-0.113,0.108]
[  121.1s]   frame   4  mesh x[-0.107,0.112] y[-0.112,0.107] z[-0.000,0.004]  quads=[4919, 4824, 4840, 4875]
[  121.1s]              sheet z[-0.0003,0.0024] x[-0.107,0.113] y[-0.113,0.108]
[  121.2s]   frame   6  mesh x[-0.107,0.111] y[-0.112,0.107] z[-0.000,0.005]  quads=[4948, 4831, 4830, 4849]
[  121.2s]              sheet z[-0.0003,0.0041] x[-0.107,0.112] y[-0.112,0.107]
[  121.4s]   frame   8  mesh x[-0.107,0.108] y[-0.112,0.105] z[-0.000,0.007]  quads=[4959, 4848, 4839, 4812]
[  121.4s]              sheet z[-0.0003,0.0062] x[-0.107,0.109] y[-0.112,0.106]
[  121.5s]   frame  10  mesh x[-0.107,0.105] y[-0.111,0.102] z[-0.000,0.009]  quads=[4982, 4878, 4868, 4730]
[  121.5s]              sheet z[-0.0003,0.0080] x[-0.107,0.106] y[-0.112,0.103]
[  121.6s]   frame  15  mesh x[-0.107,0.099] y[-0.111,0.098] z[-0.000,0.011]  quads=[5013, 4981, 4990, 4474]
[  121.6s]              sheet z[-0.0003,0.0111] x[-0.107,0.099] y[-0.112,0.098]
[  121.9s]   frame  25  mesh x[-0.107,0.089] y[-0.111,0.090] z[-0.002,0.023]  quads=[5152, 5031, 5025, 4250]
[  121.9s]              sheet z[-0.0037,0.0231] x[-0.107,0.091] y[-0.112,0.090]
[  122.1s]   frame  71  mesh x[-0.107,0.022] y[-0.110,0.074] z[-0.000,0.022]  quads=[6815, 3669, 6625, 2349]
[  122.1s]              sheet z[-0.0014,0.0257] x[-0.107,0.023] y[-0.111,0.075]
[  122.3s]   frame  75  mesh x[-0.107,0.024] y[-0.110,0.074] z[-0.000,0.024]  quads=[6524, 4038, 6161, 2735]
[  122.3s]              sheet z[-0.0006,0.0271] x[-0.107,0.026] y[-0.111,0.075]
[  122.4s]   frame  92  mesh x[-0.107,0.015] y[-0.110,0.016] z[-0.000,0.077]  quads=[17219, 1706, 478, 55]
[  122.4s]              sheet z[-0.0003,0.0790] x[-0.107,0.017] y[-0.111,0.017]
[  122.6s]   frame 102  mesh x[-0.107,0.008] y[-0.110,0.028] z[-0.000,0.068]  quads=[16252, 983, 2153, 70]
[  122.6s]              sheet z[-0.0003,0.0710] x[-0.107,0.010] y[-0.111,0.029]
[  122.7s]   frame 148  mesh x[-0.106,0.015] y[-0.110,0.040] z[-0.000,0.026]  quads=[14971, 1769, 2716, 2]
[  122.7s]              sheet z[-0.0003,0.0283] x[-0.107,0.017] y[-0.111,0.042]
[  122.9s]   frame 152  mesh x[-0.106,0.020] y[-0.110,0.042] z[-0.000,0.034]  quads=[14390, 2348, 2720, 0]
[  122.9s]              sheet z[-0.0003,0.0366] x[-0.107,0.022] y[-0.111,0.044]
[  123.1s]   frame 169  mesh x[-0.106,-0.008] y[-0.111,0.052] z[-0.000,0.062]  quads=[14420, 0, 5038, 0]
[  123.1s]              sheet z[-0.0003,0.0624] x[-0.107,-0.006] y[-0.112,0.054]
[  123.2s]   frame 186  mesh x[-0.106,-0.007] y[-0.111,0.057] z[-0.000,0.039]  quads=[14690, 0, 4768, 0]
[  123.2s]              sheet z[-0.0003,0.0396] x[-0.107,-0.005] y[-0.112,0.059]
[  123.3s] ---- folded-tortilla diagnostics (final frame) ----
[  123.3s]   verts                        19458
[  123.3s]   x                            (-0.10640823841094971, -0.007043808698654175)
[  123.3s]   y                            (-0.11060762405395508, 0.05674057453870773)
[  123.3s]   z                            (-9.235332981916144e-05, 0.039000414311885834)
[  123.3s]   span                         (0.09936442971229553, 0.1673481985926628, 0.039092767641704995)
[  123.3s]   quadrants_[--,-+,+-,++]      [14690, 0, 4768, 0]
[  123.3s] ---------------------------------------------------
Info: Saved as "tortilla_baked.blend"
[  123.3s] Saved .blend: /workspace/output/tortilla_baked.blend
[  123.3s] Wrote /workspace/output/run_info.txt
[  123.3s] --bake-only requested: skipping render.
[  123.3s] === done in 123.3s; outputs in /workspace/output ===

bake: frame 181 :: 186
bake: frame 182 :: 186
bake: frame 183 :: 186
bake: frame 184 :: 186
bake: frame 185 :: 186
bake: frame 186 :: 186

# exit 0  135s  files: ['output/run_info.txt', 'output/tortilla_baked.blend']
