# 20261005-004221 sandbox 75b720e1-5b4c-43de-8f35-7e24add23d90 gpu RTX-5090
# blender --background --factory-startup --python build_tortilla.py --bake-only --no-pin

[    0.0s] === build_tortilla.py starting ===
[    0.0s] argv: /opt/blender/blender --background --factory-startup --python build_tortilla.py -- --bake-only --no-pin
[    0.1s] Scene reset to empty factory state.
[    0.1s] Host: Linux-6.8.0-137-generic-x86_64-with-glibc2.36 | x86_64 | Blender 4.5.13 LTS
[    0.1s] Cutting board built (500 x 360 x 30 mm, beveled).
[    0.1s]   pinned 139 verts in the stationary quarter.
[    0.1s] Tortilla mesh built: 609 verts, 556 faces (uniform grid disk).
[    0.1s]   pin group DISABLED (diagnostic)
[    0.1s]   pin property: Vertex Group for pinning of vertices
[    0.3s] Fold rig built (cloth + 2 animated paddle colliders). Frames 1-186.
[    0.3s] Wood material built (procedural grain + scratches + satin coat).
[    0.3s] Tortilla material built (procedural, node-based).
[    0.3s] Lighting built: soft key + fill + rim + top (all procedural area lights).
[    0.3s] World built: procedural vertical gradient (no HDRI).
[    0.3s] Camera built: 85 mm, f/2.8, DoF focused on leading folded edge.
[    0.3s] Steam volume material built (subtle).
[    0.3s] Subtle volumetric steam domain added.
[    0.5s] Cycles device: OPTIX ['NVIDIA GeForce RTX 5090']
[    0.5s] Render: Cycles 3840x2160, 512 samples, AgX, 16-bit PNG.
[    0.5s] Baking cloth simulation (186 frames, quality 6)...
Blender 4.5.13 LTS (hash daeeeca98fb0 built 2026-08-25 01:31:19)
bake: frame 1 :: 186
bake: frame 2 :: 186
bake: frame 3 :: 186
bake: frame 4 :: 186
bake: frame 5 :: 186
bake: frame 6 :: 186
bake: frame 7 :: 186
bake: frame 8 :: 186
bake: frame 9 :: 186
bake: frame 10 :: 186
bake: frame 11 :: 186
bake: frame 12 :: 186
bake: frame 13 :: 186
bake: frame 14 :: 186
bake: frame 15 :: 186
bake: frame 16 :: 186
bake: frame 17 :: 186
bake: frame 18 :: 186
bake: frame 19 :: 186
bake: frame 20 :: 186
bake: frame 21 :: 186
bake: frame 22 :: 186
bake: frame 23 :: 186
bake: frame 24 :: 186
bake: frame 25 :: 186
bake: frame 26 :: 186
bake: frame 27 :: 186
bake: frame 28 :: 186
bake: frame 29 :: 186
bake: frame 30 :: 186
bake: frame 31 :: 186
bake: frame 32 :: 186
bake: frame 33 :: 186
bake: frame 34 :: 186
bake: frame 35 :: 186
bake: frame 36 :: 186
bake: frame 37 :: 186
bake: frame 38 :: 186
bake: frame 39 :: 186
bake: frame 40 :: 186
bake: frame 41 :: 186
bake: frame 42 :: 186
bake: frame 43 :: 186
bake: frame 44 :: 186
bake: frame 45 :: 186
bake: frame 46 :: 186
bake: frame 47 :: 186
bake: frame 48 :: 186
bake: frame 49 :: 186
bake: frame 50 :: 186
bake: frame 51 :: 186
bake: frame 52 :: 186
bake: frame 53 :: 186
bake: frame 54 :: 186
bake: frame 55 :: 186
bake: frame 56 :: 186
bake: frame 57 :: 186
bake: frame 58 :: 186
bake: frame 59 :: 186
bake: frame 60 :: 186
bake: frame 61 :: 186
bake: frame 62 :: 186
bake: frame 63 :: 186
bake: frame 64 :: 186
bake: frame 65 :: 186
bake: frame 66 :: 186
bake: frame 67 :: 186
bake: frame 68 :: 186
bake: frame 69 :: 186
bake: frame 70 :: 186
bake: frame 71 :: 186
bake: frame 72 :: 186
bake: frame 73 :: 186
bake: frame 74 :: 186
bake: frame 75 :: 186
bake: frame 76 :: 186
bake: frame 77 :: 186
bake: frame 78 :: 186
bake: frame 79 :: 186
bake: frame 80 :: 186
bake: frame 81 :: 186
bake: frame 82 :: 186
bake: frame 83 :: 186
bake: frame 84 :: 186
bake: frame 85 :: 186
bake: frame 86 :: 186
bake: frame 87 :: 186
bake: frame 88 :: 186
bake: frame 89 :: 186
bake: frame 90 :: 186
bake: frame 91 :: 186
bake: frame 92 :: 186
bake: frame 93 :: 186
bake: frame 94 :: 186
bake: frame 95 :: 186
bake: frame 96 :: 186
bake: frame 97 :: 186
bake: frame 98 :: 186
bake: frame 99 :: 186
bake: frame 100 :: 186
bake: frame 101 :: 186
bake: frame 102 :: 186
bake: frame 103 :: 186
bake: frame 104 :: 186
bake: frame 105 :: 186
bake: frame 106 :: 186
bake: frame 107 :: 186
bake: frame 108 :: 186
bake: frame 109 :: 186
bake: frame 110 :: 186
bake: frame 111 :: 186
bake: frame 112 :: 186
bake: frame 113 :: 186
bake: frame 114 :: 186
bake: frame 115 :: 186
bake: frame 116 :: 186
bake: frame 117 :: 186
bake: frame 118 :: 186
bake: frame 119 :: 186
bake: frame 120 :: 186
bake: frame 121 :: 186
bake: frame 122 :: 186
bake: frame 123 :: 186
bake: frame 124 :: 186
bake: frame 125 :: 186
bake: frame 126 :: 186
bake: frame 127 :: 186
bake: frame 128 :: 186
bake: frame 129 :: 186
bake: frame 130 :: 186
bake: frame 131 :: 186
bake: frame 132 :: 186
bake: frame 133 :: 186
bake: frame 134 :: 186
bake: frame 135 :: 186
bake: frame 136 :: 186
bake: frame 137 :: 186
bake: frame 138 :: 186
bake: frame 139 :: 186
bake: frame 140 :: 186
bake: frame 141 :: 186
bake: frame 142 :: 186
bake: frame 143 :: 186
bake: frame 144 :: 186
bake: frame 145 :: 186
bake: frame 146 :: 186
bake: frame 147 :: 186
bake: frame 148 :: 186
bake: frame 149 :: 186
bake: frame 150 :: 186
bake: frame 151 :: 186
bake: frame 152 :: 186
bake: frame 153 :: 186
bake: frame 154 :: 186
bake: frame 155 :: 186
bake: frame 156 :: 186
bake: frame 157 :: 186
bake: frame 158 :: 186
bake: frame 159 :: 186
bake: frame 160 :: 186
bake: frame 161 :: 186
bake: frame 162 :: 186
bake: frame 163 :: 186
bake: frame 164 :: 186
bake: frame 165 :: 186
bake: frame 166 :: 186
bake: frame 167 :: 186
bake: frame 168 :: 186
bake: frame 169 :: 186
bake: frame 170 :: 186
bake: frame 171 :: 186
bake: frame 172 :: 186
bake: frame 173 :: 186
bake: frame 174 :: 186
bake: frame 175 :: 186
bake: frame 176 :: 186
bake: frame 177 :: 186
bake: frame 178 :: 186
bake: frame 179 :: 186
bake: frame 180 :: 186[  109.7s] Cloth bake finished in 109.2s.
[  110.0s]   frame   1  mesh x[-0.107,0.112] y[-0.112,0.107] z[-0.001,0.003]  quads=[4831, 4935, 4898, 4794]
[  110.0s]              sheet z[-0.0011,0.0011] x[-0.107,0.113] y[-0.113,0.108]
[  110.2s]   frame   2  mesh x[-0.107,0.112] y[-0.112,0.107] z[-0.000,0.004]  quads=[4904, 4856, 4812, 4886]
[  110.2s]              sheet z[-0.0003,0.0021] x[-0.107,0.113] y[-0.113,0.108]
[  110.3s]   frame   4  mesh x[-0.107,0.112] y[-0.111,0.107] z[-0.000,0.005]  quads=[4926, 4848, 4795, 4889]
[  110.3s]              sheet z[-0.0003,0.0039] x[-0.107,0.113] y[-0.112,0.108]
[  110.4s]   frame   6  mesh x[-0.106,0.112] y[-0.110,0.107] z[-0.000,0.007]  quads=[4932, 4815, 4802, 4909]
[  110.4s]              sheet z[-0.0003,0.0059] x[-0.106,0.112] y[-0.111,0.107]
[  110.6s]   frame   8  mesh x[-0.104,0.110] y[-0.108,0.105] z[-0.000,0.008]  quads=[4931, 4794, 4817, 4916]
[  110.6s]              sheet z[-0.0003,0.0075] x[-0.104,0.111] y[-0.108,0.106]
[  110.8s]   frame  10  mesh x[-0.101,0.107] y[-0.103,0.103] z[0.000,0.009]  quads=[4897, 4824, 4863, 4874]
[  110.8s]              sheet z[-0.0003,0.0086] x[-0.102,0.108] y[-0.104,0.103]
[  110.9s]   frame  15  mesh x[-0.098,0.102] y[-0.096,0.098] z[0.001,0.011]  quads=[4770, 4908, 4919, 4861]
[  110.9s]              sheet z[-0.0003,0.0110] x[-0.098,0.103] y[-0.097,0.098]
[  111.1s]   frame  25  mesh x[-0.098,0.099] y[-0.096,0.096] z[0.002,0.025]  quads=[4616, 5217, 4832, 4793]
[  111.1s]              sheet z[-0.0009,0.0262] x[-0.099,0.101] y[-0.096,0.096]
[  111.3s]   frame  71  mesh x[-0.088,0.020] y[-0.087,0.078] z[0.001,0.024]  quads=[7731, 2727, 6444, 2556]
[  111.3s]              sheet z[-0.0007,0.0246] x[-0.089,0.022] y[-0.088,0.079]
[  111.4s]   frame  75  mesh x[-0.082,0.026] y[-0.085,0.077] z[0.001,0.025]  quads=[6776, 3874, 5443, 3365]
[  111.4s]              sheet z[-0.0006,0.0271] x[-0.083,0.028] y[-0.085,0.079]
[  111.6s]   frame  92  mesh x[-0.091,0.094] y[-0.095,0.071] z[0.002,0.042]  quads=[4679, 6675, 3653, 4451]
[  111.6s]              sheet z[-0.0001,0.0431] x[-0.091,0.096] y[-0.096,0.072]
[  111.7s]   frame 102  mesh x[-0.087,0.108] y[-0.103,0.067] z[0.001,0.031]  quads=[4525, 6955, 3219, 4759]
[  111.7s]              sheet z[-0.0005,0.0316] x[-0.088,0.109] y[-0.104,0.069]
[  111.9s]   frame 148  mesh x[-0.010,0.170] y[-0.141,0.035] z[0.002,0.031]  quads=[513, 16385, 0, 2560]
[  111.9s]              sheet z[0.0020,0.0304] x[-0.010,0.171] y[-0.142,0.035]
[  112.1s]   frame 152  mesh x[-0.004,0.176] y[-0.143,0.032] z[0.002,0.032]  quads=[85, 17296, 0, 2077]
[  112.1s]              sheet z[0.0018,0.0314] x[-0.004,0.177] y[-0.144,0.032]
[  112.3s]   frame 169  mesh x[0.022,0.204] y[-0.167,0.004] z[0.002,0.030]  quads=[0, 19316, 0, 142]
[  112.3s]              sheet z[0.0020,0.0309] x[0.022,0.204] y[-0.168,0.004]
[  112.5s]   frame 186  mesh x[0.073,0.253] y[-0.212,-0.051] z[-0.018,0.032]  quads=[0, 19458, 0, 0]
[  112.5s]              sheet z[-0.0200,0.0332] x[0.072,0.254] y[-0.212,-0.051]
[  112.5s] ---- folded-tortilla diagnostics (final frame) ----
[  112.6s]   verts                        19458
[  112.6s]   x                            (0.0726553350687027, 0.2533939778804779)
[  112.6s]   y                            (-0.21232551336288452, -0.05111323297023773)
[  112.6s]   z                            (-0.01841595768928528, 0.031941451132297516)
[  112.6s]   span                         (0.1807386428117752, 0.1612122803926468, 0.050357408821582794)
[  112.6s]   quadrants_[--,-+,+-,++]      [0, 19458, 0, 0]
[  112.6s] ---------------------------------------------------
Info: Saved as "tortilla_baked.blend"
[  112.7s] Saved .blend: /workspace/output/tortilla_baked.blend
[  112.7s] Wrote /workspace/output/run_info.txt
[  112.7s] --bake-only requested: skipping render.
[  112.7s] === done in 112.7s; outputs in /workspace/output ===

bake: frame 181 :: 186
bake: frame 182 :: 186
bake: frame 183 :: 186
bake: frame 184 :: 186
bake: frame 185 :: 186
bake: frame 186 :: 186

# exit 0  127s  files: ['output/run_info.txt', 'output/tortilla_baked.blend']
