# 20261005-005117 sandbox 2aa4c697-dc31-45cd-8bd6-4aa061be92c2 gpu RTX-5090
# blender --background --factory-startup --python build_tortilla.py --bake-only --no-board-col

[    0.0s] === build_tortilla.py starting ===
[    0.0s] argv: /opt/blender/blender --background --factory-startup --python build_tortilla.py -- --bake-only --no-board-col
[    0.1s] Scene reset to empty factory state.
[    0.1s] Host: Linux-6.8.0-137-generic-x86_64-with-glibc2.36 | x86_64 | Blender 4.5.13 LTS
[    0.1s] Cutting board built (500 x 360 x 30 mm, beveled).
[    0.1s]   pinned 139 verts in the stationary quarter.
[    0.1s] Tortilla mesh built: 609 verts, 556 faces (uniform grid disk).
[    0.1s]   pin property: Vertex Group for pinning of vertices
[    0.1s] Fold rig built (cloth + 2 animated paddle colliders). Frames 1-186.
[    0.1s] Wood material built (procedural grain + scratches + satin coat).
[    0.1s] Tortilla material built (procedural, node-based).
[    0.1s] Lighting built: soft key + fill + rim + top (all procedural area lights).
[    0.1s] World built: procedural vertical gradient (no HDRI).
[    0.1s] Camera built: 85 mm, f/2.8, DoF focused on leading folded edge.
[    0.2s] Steam volume material built (subtle).
[    0.2s] Subtle volumetric steam domain added.
[    0.4s] Cycles device: OPTIX ['NVIDIA GeForce RTX 5090']
[    0.4s] Render: Cycles 3840x2160, 512 samples, AgX, 16-bit PNG.
[    0.4s]   scene.gravity = (0.0, 0.0, -9.8100004196167)
[    0.5s]   world bbox CuttingBoard x[-0.250,0.250] y[-0.180,0.180] z[-0.030,0.000]
[    0.5s]   world bbox Paddle1      x[-0.117,-0.005] y[-0.116,0.116] z[0.408,0.412]
[    0.5s]   world bbox Paddle2      x[-0.116,0.005] y[-0.117,-0.005] z[0.414,0.418]
[    0.5s] Baking cloth simulation (186 frames, quality 8)...
Blender 4.5.13 LTS (hash daeeeca98fb0 built 2026-08-25 01:31:19)
bake: frame 1 :: 186
bake: frame 2 :: 186
bake: frame 3 :: 186
bake: frame 4 :: 186
bake: frame 5 :: 186
bake: frame 6 :: 186
bake: frame 7 :: 186
bake: frame 8 :: 186
bake: frame 9 :: 186
bake: frame 10 :: 186
bake: frame 11 :: 186
bake: frame 12 :: 186
bake: frame 13 :: 186
bake: frame 14 :: 186
bake: frame 15 :: 186
bake: frame 16 :: 186
bake: frame 17 :: 186
bake: frame 18 :: 186
bake: frame 19 :: 186
bake: frame 20 :: 186
bake: frame 21 :: 186
bake: frame 22 :: 186
bake: frame 23 :: 186
bake: frame 24 :: 186
bake: frame 25 :: 186
bake: frame 26 :: 186
bake: frame 27 :: 186
bake: frame 28 :: 186
bake: frame 29 :: 186
bake: frame 30 :: 186
bake: frame 31 :: 186
bake: frame 32 :: 186
bake: frame 33 :: 186
bake: frame 34 :: 186
bake: frame 35 :: 186
bake: frame 36 :: 186
bake: frame 37 :: 186
bake: frame 38 :: 186
bake: frame 39 :: 186
bake: frame 40 :: 186
bake: frame 41 :: 186
bake: frame 42 :: 186
bake: frame 43 :: 186
bake: frame 44 :: 186
bake: frame 45 :: 186
bake: frame 46 :: 186
bake: frame 47 :: 186
bake: frame 48 :: 186
bake: frame 49 :: 186
bake: frame 50 :: 186
bake: frame 51 :: 186
bake: frame 52 :: 186
bake: frame 53 :: 186
bake: frame 54 :: 186
bake: frame 55 :: 186
bake: frame 56 :: 186
bake: frame 57 :: 186
bake: frame 58 :: 186
bake: frame 59 :: 186
bake: frame 60 :: 186
bake: frame 61 :: 186
bake: frame 62 :: 186
bake: frame 63 :: 186
bake: frame 64 :: 186
bake: frame 65 :: 186
bake: frame 66 :: 186
bake: frame 67 :: 186
bake: frame 68 :: 186
bake: frame 69 :: 186
bake: frame 70 :: 186
bake: frame 71 :: 186
bake: frame 72 :: 186
bake: frame 73 :: 186
bake: frame 74 :: 186
bake: frame 75 :: 186
bake: frame 76 :: 186
bake: frame 77 :: 186
bake: frame 78 :: 186
bake: frame 79 :: 186
bake: frame 80 :: 186
bake: frame 81 :: 186
bake: frame 82 :: 186
bake: frame 83 :: 186
bake: frame 84 :: 186
bake: frame 85 :: 186
bake: frame 86 :: 186
bake: frame 87 :: 186
bake: frame 88 :: 186
bake: frame 89 :: 186
bake: frame 90 :: 186
bake: frame 91 :: 186
bake: frame 92 :: 186
bake: frame 93 :: 186
bake: frame 94 :: 186
bake: frame 95 :: 186
bake: frame 96 :: 186
bake: frame 97 :: 186
bake: frame 98 :: 186
bake: frame 99 :: 186
bake: frame 100 :: 186
bake: frame 101 :: 186
bake: frame 102 :: 186
bake: frame 103 :: 186
bake: frame 104 :: 186
bake: frame 105 :: 186
bake: frame 106 :: 186
bake: frame 107 :: 186
bake: frame 108 :: 186
bake: frame 109 :: 186
bake: frame 110 :: 186
bake: frame 111 :: 186
bake: frame 112 :: 186
bake: frame 113 :: 186
bake: frame 114 :: 186
bake: frame 115 :: 186
bake: frame 116 :: 186
bake: frame 117 :: 186
bake: frame 118 :: 186
bake: frame 119 :: 186
bake: frame 120 :: 186
bake: frame 121 :: 186
bake: frame 122 :: 186
bake: frame 123 :: 186
bake: frame 124 :: 186
bake: frame 125 :: 186
bake: frame 126 :: 186
bake: frame 127 :: 186
bake: frame 128 :: 186
bake: frame 129 :: 186
bake: frame 130 :: 186
bake: frame 131 :: 186
bake: frame 132 :: 186
bake: frame 133 :: 186
bake: frame 134 :: 186
bake: frame 135 :: 186
bake: frame 136 :: 186
bake: frame 137 :: 186
bake: frame 138 :: 186
bake: frame 139 :: 186
bake: frame 140 :: 186
bake: frame 141 :: 186
bake: frame 142 :: 186
bake: frame 143 :: 186
bake: frame 144 :: 186
bake: frame 145 :: 186
bake: frame 146 :: 186
bake: frame 147 :: 186
bake: frame 148 :: 186
bake: frame 149 :: 186
bake: frame 150 :: 186
bake: frame 151 :: 186
bake: frame 152 :: 186
bake: frame 153 :: 186
bake: frame 154 :: 186
bake: frame 155 :: 186
bake: frame 156 :: 186
bake: frame 157 :: 186
bake: frame 158 :: 186
bake: frame 159 :: 186
bake: frame 160 :: 186
bake: frame 161 :: 186
bake: frame 162 :: 186
bake: frame 163 :: 186
bake: frame 164 :: 186
bake: frame 165 :: 186
bake: frame 166 :: 186
bake: frame 167 :: 186
bake: frame 168 :: 186
bake: frame 169 :: 186
bake: frame 170 :: 186
bake: frame 171 :: 186
bake: frame 172 :: 186
bake: frame 173 :: 186
bake: frame 174 :: 186
bake: frame 175 :: 186
bake: frame 176 :: 186
bake: frame 177 :: 186
bake: frame 178 :: 186
bake: frame 179 :: 186
bake: frame 180 :: 186[  130.2s] Cloth bake finished in 129.7s.
[  130.5s]   frame   1  mesh x[-0.107,0.112] y[-0.112,0.107] z[0.000,0.002]  quads=[4910, 4864, 4864, 4820]
[  130.5s]              sheet z[-0.0000,-0.0000] x[-0.107,0.113] y[-0.113,0.108]
[  130.7s]   frame   2  mesh x[-0.107,0.112] y[-0.112,0.107] z[-0.001,0.002]  quads=[4862, 4917, 4915, 4764]
[  130.7s]              sheet z[-0.0006,0.0000] x[-0.107,0.113] y[-0.113,0.108]
[  130.8s]   frame   4  mesh x[-0.107,0.112] y[-0.112,0.107] z[-0.001,0.002]  quads=[4863, 4915, 4915, 4765]
[  130.8s]              sheet z[-0.0009,0.0000] x[-0.107,0.113] y[-0.113,0.108]
[  131.0s]   frame   6  mesh x[-0.107,0.112] y[-0.112,0.107] z[-0.001,0.002]  quads=[4864, 4919, 4917, 4758]
[  131.0s]              sheet z[-0.0010,0.0000] x[-0.107,0.113] y[-0.113,0.108]
[  131.3s]   frame   8  mesh x[-0.107,0.112] y[-0.112,0.107] z[-0.001,0.002]  quads=[4867, 4916, 4914, 4761]
[  131.3s]              sheet z[-0.0010,0.0000] x[-0.107,0.113] y[-0.113,0.108]
[  131.4s]   frame  10  mesh x[-0.107,0.112] y[-0.112,0.107] z[-0.001,0.002]  quads=[4866, 4917, 4916, 4759]
[  131.4s]              sheet z[-0.0009,0.0000] x[-0.107,0.113] y[-0.113,0.108]
[  131.5s]   frame  15  mesh x[-0.107,0.112] y[-0.112,0.107] z[-0.001,0.002]  quads=[4866, 4912, 4887, 4793]
[  131.5s]              sheet z[-0.0011,0.0012] x[-0.107,0.113] y[-0.113,0.108]
[  131.7s]   frame  25  mesh x[-0.107,0.103] y[-0.112,0.106] z[-0.001,0.024]  quads=[4969, 4799, 4949, 4741]
[  131.7s]              sheet z[-0.0022,0.0231] x[-0.107,0.104] y[-0.113,0.107]
[  131.9s]   frame  71  mesh x[-0.107,0.028] y[-0.110,0.085] z[-0.018,0.023]  quads=[5987, 4513, 5891, 3067]
[  131.9s]              sheet z[-0.0200,0.0263] x[-0.107,0.030] y[-0.111,0.086]
[  132.1s]   frame  75  mesh x[-0.107,0.031] y[-0.110,0.086] z[-0.026,0.019]  quads=[5566, 5020, 5395, 3477]
[  132.1s]              sheet z[-0.0271,0.0208] x[-0.107,0.033] y[-0.111,0.087]
[  132.2s]   frame  92  mesh x[-0.106,0.038] y[-0.110,0.074] z[-0.045,0.013]  quads=[10360, 2240, 3958, 2900]
[  132.2s]              sheet z[-0.0482,0.0158] x[-0.107,0.040] y[-0.111,0.074]
[  132.4s]   frame 102  mesh x[-0.106,0.034] y[-0.110,0.074] z[-0.052,0.016]  quads=[10172, 2386, 3893, 3007]
[  132.4s]              sheet z[-0.0538,0.0148] x[-0.107,0.036] y[-0.111,0.075]
[  132.5s]   frame 148  mesh x[-0.107,0.045] y[-0.111,0.057] z[-0.105,0.007]  quads=[9151, 4245, 6062, 0]
[  132.5s]              sheet z[-0.1065,0.0078] x[-0.107,0.046] y[-0.112,0.057]
[  132.6s]   frame 152  mesh x[-0.107,0.056] y[-0.112,0.057] z[-0.104,0.007]  quads=[9190, 4582, 5686, 0]
[  132.6s]              sheet z[-0.1057,0.0079] x[-0.107,0.057] y[-0.112,0.058]
[  132.7s]   frame 169  mesh x[-0.107,0.053] y[-0.111,0.050] z[-0.107,0.007]  quads=[8642, 4881, 5813, 122]
[  132.7s]              sheet z[-0.1096,0.0078] x[-0.107,0.054] y[-0.112,0.050]
[  132.9s]   frame 186  mesh x[-0.107,0.040] y[-0.111,0.038] z[-0.105,0.007]  quads=[10807, 3865, 4784, 2]
[  132.9s]              sheet z[-0.1059,0.0078] x[-0.107,0.041] y[-0.112,0.038]
[  132.9s] ---- folded-tortilla diagnostics (final frame) ----
[  133.1s]   verts                        19458
[  133.1s]   x                            (-0.10669592022895813, 0.040272630751132965)
[  133.1s]   y                            (-0.11133145540952682, 0.038408391177654266)
[  133.1s]   z                            (-0.10462051630020142, 0.007436203770339489)
[  133.1s]   span                         (0.1469685509800911, 0.1497398465871811, 0.1120567200705409)
[  133.1s]   quadrants_[--,-+,+-,++]      [10807, 3865, 4784, 2]
[  133.1s] ---------------------------------------------------
Info: Saved as "tortilla_baked.blend"
[  133.1s] Saved .blend: /workspace/output/tortilla_baked.blend
[  133.1s] Wrote /workspace/output/run_info.txt
[  133.1s] --bake-only requested: skipping render.
[  133.1s] === done in 133.1s; outputs in /workspace/output ===

bake: frame 181 :: 186
bake: frame 182 :: 186
bake: frame 183 :: 186
bake: frame 184 :: 186
bake: frame 185 :: 186
bake: frame 186 :: 186

# exit 0  145s  files: ['output/run_info.txt', 'output/tortilla_baked.blend']
