# 20261005-005415 sandbox 82b56911-bff8-4b82-8c4e-e35cd925ba54 gpu RTX-5090
# blender --background --factory-startup --python build_tortilla.py --bake-only

[    0.0s] === build_tortilla.py starting ===
[    0.0s] argv: /opt/blender/blender --background --factory-startup --python build_tortilla.py -- --bake-only
[    0.1s] Scene reset to empty factory state.
[    0.1s] Host: Linux-6.8.0-137-generic-x86_64-with-glibc2.36 | x86_64 | Blender 4.5.13 LTS
[    0.1s] Cutting board built (500 x 360 x 30 mm, beveled).
[    0.1s] WARNING: collision plane settings: AttributeError("'CollisionSettings' object has no attribute 'impulse_clamp'")
[    0.1s] Collision plane created at z=0 (single-sided, impulse-clamped).
[    0.1s]   pinned 139 verts in the stationary quarter.
[    0.1s] Tortilla mesh built: 609 verts, 556 faces (uniform grid disk).
[    0.1s]   pin property: Vertex Group for pinning of vertices
[    0.1s] Fold rig built (cloth + 2 animated paddle colliders). Frames 1-186.
[    0.1s] Wood material built (procedural grain + scratches + satin coat).
[    0.1s] Tortilla material built (procedural, node-based).
[    0.1s] Lighting built: soft key + fill + rim + top (all procedural area lights).
[    0.1s] World built: procedural vertical gradient (no HDRI).
[    0.1s] Camera built: 85 mm, f/2.8, DoF focused on leading folded edge.
[    0.2s] Steam volume material built (subtle).
[    0.2s] Subtle volumetric steam domain added.
[    0.4s] Cycles device: OPTIX ['NVIDIA GeForce RTX 5090']
[    0.4s] Render: Cycles 3840x2160, 512 samples, AgX, 16-bit PNG.
[    0.4s]   scene.gravity = (0.0, 0.0, -9.8100004196167)
[    0.4s]   world bbox CuttingBoard x[-0.250,0.250] y[-0.180,0.180] z[-0.030,0.000]
[    0.4s]   world bbox Paddle1      x[-0.117,-0.005] y[-0.116,0.116] z[0.408,0.412]
[    0.4s]   world bbox Paddle2      x[-0.116,0.005] y[-0.117,-0.005] z[0.414,0.418]
[    0.4s] Baking cloth simulation (186 frames, quality 8)...
Blender 4.5.13 LTS (hash daeeeca98fb0 built 2026-08-25 01:31:19)
bake: frame 1 :: 186
bake: frame 2 :: 186
bake: frame 3 :: 186
bake: frame 4 :: 186
bake: frame 5 :: 186
bake: frame 6 :: 186
bake: frame 7 :: 186
bake: frame 8 :: 186
bake: frame 9 :: 186
bake: frame 10 :: 186
bake: frame 11 :: 186
bake: frame 12 :: 186
bake: frame 13 :: 186
bake: frame 14 :: 186
bake: frame 15 :: 186
bake: frame 16 :: 186
bake: frame 17 :: 186
bake: frame 18 :: 186
bake: frame 19 :: 186
bake: frame 20 :: 186
bake: frame 21 :: 186
bake: frame 22 :: 186
bake: frame 23 :: 186
bake: frame 24 :: 186
bake: frame 25 :: 186
bake: frame 26 :: 186
bake: frame 27 :: 186
bake: frame 28 :: 186
bake: frame 29 :: 186
bake: frame 30 :: 186
bake: frame 31 :: 186
bake: frame 32 :: 186
bake: frame 33 :: 186
bake: frame 34 :: 186
bake: frame 35 :: 186
bake: frame 36 :: 186
bake: frame 37 :: 186
bake: frame 38 :: 186
bake: frame 39 :: 186
bake: frame 40 :: 186
bake: frame 41 :: 186
bake: frame 42 :: 186
bake: frame 43 :: 186
bake: frame 44 :: 186
bake: frame 45 :: 186
bake: frame 46 :: 186
bake: frame 47 :: 186
bake: frame 48 :: 186
bake: frame 49 :: 186
bake: frame 50 :: 186
bake: frame 51 :: 186
bake: frame 52 :: 186
bake: frame 53 :: 186
bake: frame 54 :: 186
bake: frame 55 :: 186
bake: frame 56 :: 186
bake: frame 57 :: 186
bake: frame 58 :: 186
bake: frame 59 :: 186
bake: frame 60 :: 186
bake: frame 61 :: 186
bake: frame 62 :: 186
bake: frame 63 :: 186
bake: frame 64 :: 186
bake: frame 65 :: 186
bake: frame 66 :: 186
bake: frame 67 :: 186
bake: frame 68 :: 186
bake: frame 69 :: 186
bake: frame 70 :: 186
bake: frame 71 :: 186
bake: frame 72 :: 186
bake: frame 73 :: 186
bake: frame 74 :: 186
bake: frame 75 :: 186
bake: frame 76 :: 186
bake: frame 77 :: 186
bake: frame 78 :: 186
bake: frame 79 :: 186
bake: frame 80 :: 186
bake: frame 81 :: 186
bake: frame 82 :: 186
bake: frame 83 :: 186
bake: frame 84 :: 186
bake: frame 85 :: 186
bake: frame 86 :: 186
bake: frame 87 :: 186
bake: frame 88 :: 186
bake: frame 89 :: 186
bake: frame 90 :: 186
bake: frame 91 :: 186
bake: frame 92 :: 186
bake: frame 93 :: 186
bake: frame 94 :: 186
bake: frame 95 :: 186
bake: frame 96 :: 186
bake: frame 97 :: 186
bake: frame 98 :: 186
bake: frame 99 :: 186
bake: frame 100 :: 186
bake: frame 101 :: 186
bake: frame 102 :: 186
bake: frame 103 :: 186
bake: frame 104 :: 186
bake: frame 105 :: 186
bake: frame 106 :: 186
bake: frame 107 :: 186
bake: frame 108 :: 186
bake: frame 109 :: 186
bake: frame 110 :: 186
bake: frame 111 :: 186
bake: frame 112 :: 186
bake: frame 113 :: 186
bake: frame 114 :: 186
bake: frame 115 :: 186
bake: frame 116 :: 186
bake: frame 117 :: 186
bake: frame 118 :: 186
bake: frame 119 :: 186
bake: frame 120 :: 186
bake: frame 121 :: 186
bake: frame 122 :: 186
bake: frame 123 :: 186
bake: frame 124 :: 186
bake: frame 125 :: 186
bake: frame 126 :: 186
bake: frame 127 :: 186
bake: frame 128 :: 186
bake: frame 129 :: 186
bake: frame 130 :: 186
bake: frame 131 :: 186
bake: frame 132 :: 186
bake: frame 133 :: 186
bake: frame 134 :: 186
bake: frame 135 :: 186
bake: frame 136 :: 186
bake: frame 137 :: 186
bake: frame 138 :: 186
bake: frame 139 :: 186
bake: frame 140 :: 186
bake: frame 141 :: 186
bake: frame 142 :: 186
bake: frame 143 :: 186
bake: frame 144 :: 186
bake: frame 145 :: 186
bake: frame 146 :: 186
bake: frame 147 :: 186
bake: frame 148 :: 186
bake: frame 149 :: 186
bake: frame 150 :: 186
bake: frame 151 :: 186
bake: frame 152 :: 186
bake: frame 153 :: 186
bake: frame 154 :: 186
bake: frame 155 :: 186
bake: frame 156 :: 186
bake: frame 157 :: 186
bake: frame 158 :: 186
bake: frame 159 :: 186
bake: frame 160 :: 186
bake: frame 161 :: 186
bake: frame 162 :: 186
bake: frame 163 :: 186
bake: frame 164 :: 186
bake: frame 165 :: 186
bake: frame 166 :: 186
bake: frame 167 :: 186
bake: frame 168 :: 186
bake: frame 169 :: 186
bake: frame 170 :: 186
bake: frame 171 :: 186
bake: frame 172 :: 186
bake: frame 173 :: 186
bake: frame 174 :: 186
bake: frame 175 :: 186
bake: frame 176 :: 186
bake: frame 177 :: 186
bake: frame 178 :: 186
bake: frame 179 :: 186
bake: frame 180 :: 186[  155.2s] Cloth bake finished in 154.8s.
[  155.5s]   frame   1  mesh x[-0.107,0.112] y[-0.112,0.107] z[0.000,0.002]  quads=[4910, 4864, 4864, 4820]
[  155.5s]              sheet z[-0.0000,-0.0000] x[-0.107,0.113] y[-0.113,0.108]
[  155.7s]   frame   2  mesh x[-0.107,0.112] y[-0.112,0.107] z[-0.000,0.002]  quads=[4852, 4901, 4856, 4849]
[  155.7s]              sheet z[-0.0003,0.0001] x[-0.107,0.113] y[-0.113,0.108]
[  155.8s]   frame   4  mesh x[-0.107,0.112] y[-0.112,0.107] z[-0.000,0.003]  quads=[4904, 4769, 4921, 4864]
[  155.8s]              sheet z[-0.0003,0.0012] x[-0.107,0.113] y[-0.113,0.108]
[  155.9s]   frame   6  mesh x[-0.107,0.112] y[-0.112,0.107] z[-0.000,0.005]  quads=[4950, 4813, 4873, 4822]
[  155.9s]              sheet z[-0.0003,0.0029] x[-0.107,0.113] y[-0.112,0.108]
[  156.1s]   frame   8  mesh x[-0.107,0.111] y[-0.112,0.106] z[-0.000,0.006]  quads=[4973, 4807, 4864, 4814]
[  156.1s]              sheet z[-0.0003,0.0045] x[-0.107,0.112] y[-0.112,0.107]
[  156.2s]   frame  10  mesh x[-0.107,0.110] y[-0.112,0.106] z[-0.000,0.007]  quads=[4973, 4854, 4864, 4767]
[  156.2s]              sheet z[-0.0003,0.0057] x[-0.107,0.111] y[-0.112,0.106]
[  156.3s]   frame  15  mesh x[-0.107,0.106] y[-0.111,0.104] z[-0.000,0.010]  quads=[4973, 4851, 4864, 4770]
[  156.3s]              sheet z[-0.0003,0.0103] x[-0.107,0.106] y[-0.112,0.104]
[  156.5s]   frame  25  mesh x[-0.107,0.101] y[-0.112,0.100] z[0.000,0.027]  quads=[5031, 4837, 4864, 4726]
[  156.5s]              sheet z[-0.0002,0.0280] x[-0.107,0.102] y[-0.112,0.101]
[  156.5s]   frame  71  mesh x[-0.107,0.020] y[-0.110,0.084] z[-0.000,0.022]  quads=[7841, 2727, 6105, 2785]
[  156.5s]              sheet z[-0.0005,0.0246] x[-0.107,0.022] y[-0.111,0.085]
[  156.7s]   frame  75  mesh x[-0.107,0.026] y[-0.111,0.083] z[-0.000,0.025]  quads=[7139, 3463, 5300, 3556]
[  156.7s]              sheet z[-0.0006,0.0281] x[-0.107,0.028] y[-0.111,0.084]
[  156.8s]   frame  92  mesh x[-0.107,0.057] y[-0.111,0.069] z[0.000,0.037]  quads=[6810, 5399, 5562, 1687]
[  156.8s]              sheet z[0.0000,0.0384] x[-0.107,0.059] y[-0.112,0.070]
[  157.0s]   frame 102  mesh x[-0.107,0.067] y[-0.111,0.078] z[0.000,0.032]  quads=[5796, 5320, 5787, 2555]
[  157.0s]              sheet z[0.0000,0.0347] x[-0.107,0.068] y[-0.112,0.079]
[  157.2s]   frame 148  mesh x[-0.107,0.056] y[-0.111,0.021] z[0.000,0.043]  quads=[7146, 7276, 3008, 2028]
[  157.2s]              sheet z[-0.0002,0.0457] x[-0.107,0.058] y[-0.112,0.023]
[  157.4s]   frame 152  mesh x[-0.107,0.063] y[-0.111,0.031] z[0.000,0.038]  quads=[6655, 5995, 3785, 3023]
[  157.4s]              sheet z[0.0000,0.0396] x[-0.107,0.065] y[-0.112,0.034]
[  157.6s]   frame 169  mesh x[-0.107,0.070] y[-0.111,0.044] z[0.000,0.039]  quads=[5910, 5775, 4261, 3512]
[  157.6s]              sheet z[0.0000,0.0423] x[-0.107,0.072] y[-0.112,0.046]
[  157.7s]   frame 186  mesh x[-0.107,0.076] y[-0.111,0.065] z[0.000,0.041]  quads=[5923, 5282, 4481, 3772]
[  157.7s]              sheet z[0.0000,0.0424] x[-0.107,0.077] y[-0.112,0.066]
[  157.7s] ---- folded-tortilla diagnostics (final frame) ----
[  157.8s]   verts                        19458
[  157.8s]   x                            (-0.10666120797395706, 0.07605059444904327)
[  157.8s]   y                            (-0.11129757761955261, 0.06549281626939774)
[  157.8s]   z                            (0.0, 0.04060503840446472)
[  157.8s]   span                         (0.18271180242300034, 0.17679039388895035, 0.04060503840446472)
[  157.8s]   quadrants_[--,-+,+-,++]      [5923, 5282, 4481, 3772]
[  157.8s] ---------------------------------------------------
Info: Saved as "tortilla_baked.blend"
[  157.8s] Saved .blend: /workspace/output/tortilla_baked.blend
[  157.8s] Wrote /workspace/output/run_info.txt
[  157.8s] --bake-only requested: skipping render.
[  157.8s] === done in 157.8s; outputs in /workspace/output ===

bake: frame 181 :: 186
bake: frame 182 :: 186
bake: frame 183 :: 186
bake: frame 184 :: 186
bake: frame 185 :: 186
bake: frame 186 :: 186

# exit 0  171s  files: ['output/run_info.txt', 'output/tortilla_baked.blend']
