# 20261005-010132 sandbox 821cf9f0-73d7-429d-b6c5-8b8c0ff72045 gpu RTX-5090
# blender --background --factory-startup --python build_tortilla.py --bake-only

[    0.0s] === build_tortilla.py starting ===
[    0.0s] argv: /opt/blender/blender --background --factory-startup --python build_tortilla.py -- --bake-only
[    0.1s] Scene reset to empty factory state.
[    0.1s] Host: Linux-6.8.0-137-generic-x86_64-with-glibc2.36 | x86_64 | Blender 4.5.13 LTS
[    0.1s] Cutting board built (500 x 360 x 30 mm, beveled).
[    0.1s] WARNING: collision plane settings: AttributeError("'CollisionSettings' object has no attribute 'impulse_clamp'")
[    0.1s] Collision plane created at z=0 (single-sided, impulse-clamped).
[    0.1s]   pinned 139 verts in the stationary quarter.
[    0.1s] Tortilla mesh built: 609 verts, 556 faces (uniform grid disk).
[    0.1s]   pin property: Vertex Group for pinning of vertices
[    0.2s] Fold rig built (cloth + 2 animated two-sided clamps). Frames 1-186.
[    0.3s] Wood material built (procedural grain + scratches + satin coat).
[    0.3s] Tortilla material built (procedural, node-based).
[    0.3s] Lighting built: soft key + fill + rim + top (all procedural area lights).
[    0.3s] World built: procedural vertical gradient (no HDRI).
[    0.3s] Camera built: 85 mm, f/2.8, DoF focused on leading folded edge.
[    0.3s] Steam volume material built (subtle).
[    0.3s] Subtle volumetric steam domain added.
[    0.5s] Cycles device: OPTIX ['NVIDIA GeForce RTX 5090']
[    0.5s] Render: Cycles 3840x2160, 512 samples, AgX, 16-bit PNG.
[    0.5s]   scene.gravity = (0.0, 0.0, -9.8100004196167)
[    0.5s]   world bbox CuttingBoard x[-0.250,0.250] y[-0.180,0.180] z[-0.030,0.000]
[    0.5s] Baking cloth simulation (186 frames, quality 8)...
Blender 4.5.13 LTS (hash daeeeca98fb0 built 2026-08-25 01:31:19)
bake: frame 1 :: 186
bake: frame 2 :: 186
bake: frame 3 :: 186
bake: frame 4 :: 186
bake: frame 5 :: 186
bake: frame 6 :: 186
bake: frame 7 :: 186
bake: frame 8 :: 186
bake: frame 9 :: 186
bake: frame 10 :: 186
bake: frame 11 :: 186
bake: frame 12 :: 186
bake: frame 13 :: 186
bake: frame 14 :: 186
bake: frame 15 :: 186
bake: frame 16 :: 186
bake: frame 17 :: 186
bake: frame 18 :: 186
bake: frame 19 :: 186
bake: frame 20 :: 186
bake: frame 21 :: 186
bake: frame 22 :: 186
bake: frame 23 :: 186
bake: frame 24 :: 186
bake: frame 25 :: 186
bake: frame 26 :: 186
bake: frame 27 :: 186
bake: frame 28 :: 186
bake: frame 29 :: 186
bake: frame 30 :: 186
bake: frame 31 :: 186
bake: frame 32 :: 186
bake: frame 33 :: 186
bake: frame 34 :: 186
bake: frame 35 :: 186
bake: frame 36 :: 186
bake: frame 37 :: 186
bake: frame 38 :: 186
bake: frame 39 :: 186
bake: frame 40 :: 186
bake: frame 41 :: 186
bake: frame 42 :: 186
bake: frame 43 :: 186
bake: frame 44 :: 186
bake: frame 45 :: 186
bake: frame 46 :: 186
bake: frame 47 :: 186
bake: frame 48 :: 186
bake: frame 49 :: 186
bake: frame 50 :: 186
bake: frame 51 :: 186
bake: frame 52 :: 186
bake: frame 53 :: 186
bake: frame 54 :: 186
bake: frame 55 :: 186
bake: frame 56 :: 186
bake: frame 57 :: 186
bake: frame 58 :: 186
bake: frame 59 :: 186
bake: frame 60 :: 186
bake: frame 61 :: 186
bake: frame 62 :: 186
bake: frame 63 :: 186
bake: frame 64 :: 186
bake: frame 65 :: 186
bake: frame 66 :: 186
bake: frame 67 :: 186
bake: frame 68 :: 186
bake: frame 69 :: 186
bake: frame 70 :: 186
bake: frame 71 :: 186
bake: frame 72 :: 186
bake: frame 73 :: 186
bake: frame 74 :: 186
bake: frame 75 :: 186
bake: frame 76 :: 186
bake: frame 77 :: 186
bake: frame 78 :: 186
bake: frame 79 :: 186
bake: frame 80 :: 186
bake: frame 81 :: 186
bake: frame 82 :: 186
bake: frame 83 :: 186
bake: frame 84 :: 186
bake: frame 85 :: 186
bake: frame 86 :: 186
bake: frame 87 :: 186
bake: frame 88 :: 186
bake: frame 89 :: 186
bake: frame 90 :: 186
bake: frame 91 :: 186
bake: frame 92 :: 186
bake: frame 93 :: 186
bake: frame 94 :: 186
bake: frame 95 :: 186
bake: frame 96 :: 186
bake: frame 97 :: 186
bake: frame 98 :: 186
bake: frame 99 :: 186
bake: frame 100 :: 186
bake: frame 101 :: 186
bake: frame 102 :: 186
bake: frame 103 :: 186
bake: frame 104 :: 186
bake: frame 105 :: 186
bake: frame 106 :: 186
bake: frame 107 :: 186
bake: frame 108 :: 186
bake: frame 109 :: 186
bake: frame 110 :: 186
bake: frame 111 :: 186
bake: frame 112 :: 186
bake: frame 113 :: 186
bake: frame 114 :: 186
bake: frame 115 :: 186
bake: frame 116 :: 186
bake: frame 117 :: 186
bake: frame 118 :: 186
bake: frame 119 :: 186
bake: frame 120 :: 186
bake: frame 121 :: 186
bake: frame 122 :: 186
bake: frame 123 :: 186
bake: frame 124 :: 186
bake: frame 125 :: 186
bake: frame 126 :: 186
bake: frame 127 :: 186
bake: frame 128 :: 186
bake: frame 129 :: 186
bake: frame 130 :: 186
bake: frame 131 :: 186
bake: frame 132 :: 186
bake: frame 133 :: 186
bake: frame 134 :: 186
bake: frame 135 :: 186
bake: frame 136 :: 186
bake: frame 137 :: 186
bake: frame 138 :: 186
bake: frame 139 :: 186
bake: frame 140 :: 186
bake: frame 141 :: 186
bake: frame 142 :: 186
bake: frame 143 :: 186
bake: frame 144 :: 186
bake: frame 145 :: 186
bake: frame 146 :: 186
bake: frame 147 :: 186
bake: frame 148 :: 186
bake: frame 149 :: 186
bake: frame 150 :: 186
bake: frame 151 :: 186
bake: frame 152 :: 186
bake: frame 153 :: 186
bake: frame 154 :: 186
bake: frame 155 :: 186
bake: frame 156 :: 186
bake: frame 157 :: 186
bake: frame 158 :: 186
bake: frame 159 :: 186
bake: frame 160 :: 186
bake: frame 161 :: 186
bake: frame 162 :: 186
bake: frame 163 :: 186
bake: frame 164 :: 186
bake: frame 165 :: 186
bake: frame 166 :: 186
bake: frame 167 :: 186
bake: frame 168 :: 186
bake: frame 169 :: 186
bake: frame 170 :: 186
bake: frame 171 :: 186
bake: frame 172 :: 186
bake: frame 173 :: 186
bake: frame 174 :: 186
bake: frame 175 :: 186
bake: frame 176 :: 186
bake: frame 177 :: 186
bake: frame 178 :: 186
bake: frame 179 :: 186
bake: frame 180 :: 186[  243.5s] Cloth bake finished in 243.0s.
[  243.8s]   frame   1  mesh x[-0.107,0.112] y[-0.112,0.107] z[0.003,0.005]  quads=[4910, 4864, 4864, 4820]
[  243.8s]              sheet z[0.0030,0.0030] x[-0.107,0.113] y[-0.113,0.108]
[  244.1s]   frame   2  mesh x[-0.107,0.112] y[-0.112,0.107] z[0.002,0.005]  quads=[4863, 4915, 4914, 4766]
[  244.1s]              sheet z[0.0021,0.0030] x[-0.107,0.113] y[-0.113,0.108]
[  244.3s]   frame   4  mesh x[-0.107,0.112] y[-0.112,0.107] z[0.002,0.005]  quads=[4864, 4914, 4914, 4766]
[  244.3s]              sheet z[0.0019,0.0030] x[-0.107,0.113] y[-0.113,0.108]
[  244.5s]   frame   6  mesh x[-0.107,0.112] y[-0.112,0.107] z[0.002,0.005]  quads=[4866, 4916, 4914, 4762]
[  244.5s]              sheet z[0.0019,0.0030] x[-0.107,0.113] y[-0.113,0.108]
[  244.7s]   frame   8  mesh x[-0.107,0.112] y[-0.112,0.107] z[0.002,0.005]  quads=[4866, 4918, 4915, 4759]
[  244.7s]              sheet z[0.0018,0.0030] x[-0.107,0.113] y[-0.113,0.108]
[  244.9s]   frame  10  mesh x[-0.107,0.112] y[-0.112,0.107] z[0.002,0.005]  quads=[4866, 4916, 4915, 4761]
[  244.9s]              sheet z[0.0019,0.0030] x[-0.107,0.113] y[-0.113,0.108]
[  245.1s]   frame  15  mesh x[-0.107,0.112] y[-0.112,0.107] z[0.002,0.005]  quads=[4865, 4917, 4916, 4760]
[  245.1s]              sheet z[0.0018,0.0030] x[-0.107,0.113] y[-0.113,0.108]
[  245.2s]   frame  25  mesh x[-0.107,0.104] y[-0.112,0.106] z[0.000,0.029]  quads=[4936, 4864, 4901, 4757]
[  245.2s]              sheet z[-0.0007,0.0287] x[-0.107,0.105] y[-0.113,0.107]
[  245.3s]   frame  71  mesh x[-0.107,0.020] y[-0.110,0.084] z[-0.007,0.028]  quads=[7997, 3023, 5124, 3314]
[  245.3s]              sheet z[-0.0094,0.0293] x[-0.107,0.021] y[-0.111,0.084]
[  245.5s]   frame  75  mesh x[-0.106,0.021] y[-0.111,0.069] z[-0.009,0.032]  quads=[7528, 4152, 4168, 3610]
[  245.5s]              sheet z[-0.0104,0.0329] x[-0.107,0.023] y[-0.112,0.070]
[  245.7s]   frame  92  mesh x[-0.107,0.018] y[-0.111,0.025] z[-0.000,0.039]  quads=[13981, 2457, 2607, 413]
[  245.7s]              sheet z[-0.0021,0.0411] x[-0.107,0.020] y[-0.112,0.026]
[  245.9s]   frame 102  mesh x[-0.107,0.022] y[-0.111,0.015] z[-0.002,0.041]  quads=[15123, 2283, 1861, 191]
[  245.9s]              sheet z[-0.0064,0.0422] x[-0.107,0.025] y[-0.112,0.016]
[  246.0s]   frame 148  mesh x[-0.106,0.031] y[-0.110,0.027] z[-0.006,0.038]  quads=[8404, 6138, 3880, 1036]
[  246.0s]              sheet z[-0.0067,0.0388] x[-0.107,0.033] y[-0.111,0.029]
[  246.1s]   frame 152  mesh x[-0.106,0.024] y[-0.110,0.033] z[-0.007,0.039]  quads=[8709, 5900, 3967, 882]
[  246.1s]              sheet z[-0.0094,0.0393] x[-0.107,0.027] y[-0.111,0.036]
[  246.3s]   frame 169  mesh x[-0.106,0.032] y[-0.111,0.033] z[0.002,0.050]  quads=[12759, 3814, 2885, 0]
[  246.3s]              sheet z[0.0015,0.0514] x[-0.107,0.034] y[-0.112,0.035]
[  246.4s]   frame 186  mesh x[-0.107,0.030] y[-0.111,0.028] z[0.002,0.053]  quads=[13647, 3336, 2475, 0]
[  246.4s]              sheet z[0.0007,0.0533] x[-0.107,0.032] y[-0.112,0.029]
[  246.4s] ---- folded-tortilla diagnostics (final frame) ----
[  246.6s]   verts                        19458
[  246.6s]   x                            (-0.10651784390211105, 0.029552660882472992)
[  246.6s]   y                            (-0.11120282113552094, 0.027515815570950508)
[  246.6s]   z                            (0.0019039309117943048, 0.05259019508957863)
[  246.6s]   span                         (0.13607050478458405, 0.13871863670647144, 0.050686264177784324)
[  246.6s]   quadrants_[--,-+,+-,++]      [13647, 3336, 2475, 0]
[  246.6s] ---------------------------------------------------
Info: Saved as "tortilla_baked.blend"
[  246.6s] Saved .blend: /workspace/output/tortilla_baked.blend
[  246.6s] Wrote /workspace/output/run_info.txt
[  246.6s] --bake-only requested: skipping render.
[  246.6s] === done in 246.6s; outputs in /workspace/output ===

bake: frame 181 :: 186
bake: frame 182 :: 186
bake: frame 183 :: 186
bake: frame 184 :: 186
bake: frame 185 :: 186
bake: frame 186 :: 186

# exit 0  262s  files: ['output/run_info.txt', 'output/tortilla_baked.blend']
