# 20261005-010702 sandbox 2e10ba77-a899-4c96-9cd1-b73d51cfd79b gpu RTX-5090
# blender --background --factory-startup --python build_tortilla.py --bake-only

[    0.0s] === build_tortilla.py starting ===
[    0.0s] argv: /opt/blender/blender --background --factory-startup --python build_tortilla.py -- --bake-only
[    0.1s] Scene reset to empty factory state.
[    0.1s] Host: Linux-6.8.0-137-generic-x86_64-with-glibc2.36 | x86_64 | Blender 4.5.13 LTS
[    0.1s] Cutting board built (500 x 360 x 30 mm, beveled).
[    0.1s] WARNING: collision plane settings: AttributeError("'CollisionSettings' object has no attribute 'impulse_clamp'")
[    0.1s] Collision plane created at z=0 (single-sided, impulse-clamped).
[    0.1s]   pinned 139 verts in the stationary quarter.
[    0.1s] Tortilla mesh built: 609 verts, 556 faces (uniform grid disk).
[    0.1s]   pin property: Vertex Group for pinning of vertices
[    0.2s] Fold rig built (cloth + 2 animated two-sided clamps). Frames 1-186.
[    0.2s] Wood material built (procedural grain + scratches + satin coat).
[    0.2s] Tortilla material built (procedural, node-based).
[    0.2s] Lighting built: soft key + fill + rim + top (all procedural area lights).
[    0.2s] World built: procedural vertical gradient (no HDRI).
[    0.2s] Camera built: 85 mm, f/2.8, DoF focused on leading folded edge.
[    0.3s] Steam volume material built (subtle).
[    0.3s] Subtle volumetric steam domain added.
[    0.4s] Cycles device: OPTIX ['NVIDIA GeForce RTX 5090']
[    0.4s] Render: Cycles 3840x2160, 512 samples, AgX, 16-bit PNG.
[    0.4s]   scene.gravity = (0.0, 0.0, -9.8100004196167)
[    0.4s]   world bbox CuttingBoard x[-0.250,0.250] y[-0.180,0.180] z[-0.030,0.000]
[    0.4s] Baking cloth simulation (186 frames, quality 8)...
Blender 4.5.13 LTS (hash daeeeca98fb0 built 2026-08-25 01:31:19)
bake: frame 1 :: 186
bake: frame 2 :: 186
bake: frame 3 :: 186
bake: frame 4 :: 186
bake: frame 5 :: 186
bake: frame 6 :: 186
bake: frame 7 :: 186
bake: frame 8 :: 186
bake: frame 9 :: 186
bake: frame 10 :: 186
bake: frame 11 :: 186
bake: frame 12 :: 186
bake: frame 13 :: 186
bake: frame 14 :: 186
bake: frame 15 :: 186
bake: frame 16 :: 186
bake: frame 17 :: 186
bake: frame 18 :: 186
bake: frame 19 :: 186
bake: frame 20 :: 186
bake: frame 21 :: 186
bake: frame 22 :: 186
bake: frame 23 :: 186
bake: frame 24 :: 186
bake: frame 25 :: 186
bake: frame 26 :: 186
bake: frame 27 :: 186
bake: frame 28 :: 186
bake: frame 29 :: 186
bake: frame 30 :: 186
bake: frame 31 :: 186
bake: frame 32 :: 186
bake: frame 33 :: 186
bake: frame 34 :: 186
bake: frame 35 :: 186
bake: frame 36 :: 186
bake: frame 37 :: 186
bake: frame 38 :: 186
bake: frame 39 :: 186
bake: frame 40 :: 186
bake: frame 41 :: 186
bake: frame 42 :: 186
bake: frame 43 :: 186
bake: frame 44 :: 186
bake: frame 45 :: 186
bake: frame 46 :: 186
bake: frame 47 :: 186
bake: frame 48 :: 186
bake: frame 49 :: 186
bake: frame 50 :: 186
bake: frame 51 :: 186
bake: frame 52 :: 186
bake: frame 53 :: 186
bake: frame 54 :: 186
bake: frame 55 :: 186
bake: frame 56 :: 186
bake: frame 57 :: 186
bake: frame 58 :: 186
bake: frame 59 :: 186
bake: frame 60 :: 186
bake: frame 61 :: 186
bake: frame 62 :: 186
bake: frame 63 :: 186
bake: frame 64 :: 186
bake: frame 65 :: 186
bake: frame 66 :: 186
bake: frame 67 :: 186
bake: frame 68 :: 186
bake: frame 69 :: 186
bake: frame 70 :: 186
bake: frame 71 :: 186
bake: frame 72 :: 186
bake: frame 73 :: 186
bake: frame 74 :: 186
bake: frame 75 :: 186
bake: frame 76 :: 186
bake: frame 77 :: 186
bake: frame 78 :: 186
bake: frame 79 :: 186
bake: frame 80 :: 186
bake: frame 81 :: 186
bake: frame 82 :: 186
bake: frame 83 :: 186
bake: frame 84 :: 186
bake: frame 85 :: 186
bake: frame 86 :: 186
bake: frame 87 :: 186
bake: frame 88 :: 186
bake: frame 89 :: 186
bake: frame 90 :: 186
bake: frame 91 :: 186
bake: frame 92 :: 186
bake: frame 93 :: 186
bake: frame 94 :: 186
bake: frame 95 :: 186
bake: frame 96 :: 186
bake: frame 97 :: 186
bake: frame 98 :: 186
bake: frame 99 :: 186
bake: frame 100 :: 186
bake: frame 101 :: 186
bake: frame 102 :: 186
bake: frame 103 :: 186
bake: frame 104 :: 186
bake: frame 105 :: 186
bake: frame 106 :: 186
bake: frame 107 :: 186
bake: frame 108 :: 186
bake: frame 109 :: 186
bake: frame 110 :: 186
bake: frame 111 :: 186
bake: frame 112 :: 186
bake: frame 113 :: 186
bake: frame 114 :: 186
bake: frame 115 :: 186
bake: frame 116 :: 186
bake: frame 117 :: 186
bake: frame 118 :: 186
bake: frame 119 :: 186
bake: frame 120 :: 186
bake: frame 121 :: 186
bake: frame 122 :: 186
bake: frame 123 :: 186
bake: frame 124 :: 186
bake: frame 125 :: 186
bake: frame 126 :: 186
bake: frame 127 :: 186
bake: frame 128 :: 186
bake: frame 129 :: 186
bake: frame 130 :: 186
bake: frame 131 :: 186
bake: frame 132 :: 186
bake: frame 133 :: 186
bake: frame 134 :: 186
bake: frame 135 :: 186
bake: frame 136 :: 186
bake: frame 137 :: 186
bake: frame 138 :: 186
bake: frame 139 :: 186
bake: frame 140 :: 186
bake: frame 141 :: 186
bake: frame 142 :: 186
bake: frame 143 :: 186
bake: frame 144 :: 186
bake: frame 145 :: 186
bake: frame 146 :: 186
bake: frame 147 :: 186
bake: frame 148 :: 186
bake: frame 149 :: 186
bake: frame 150 :: 186
bake: frame 151 :: 186
bake: frame 152 :: 186
bake: frame 153 :: 186
bake: frame 154 :: 186
bake: frame 155 :: 186
bake: frame 156 :: 186
bake: frame 157 :: 186
bake: frame 158 :: 186
bake: frame 159 :: 186
bake: frame 160 :: 186
bake: frame 161 :: 186
bake: frame 162 :: 186
bake: frame 163 :: 186
bake: frame 164 :: 186
bake: frame 165 :: 186
bake: frame 166 :: 186
bake: frame 167 :: 186
bake: frame 168 :: 186
bake: frame 169 :: 186
bake: frame 170 :: 186
bake: frame 171 :: 186
bake: frame 172 :: 186
bake: frame 173 :: 186
bake: frame 174 :: 186
bake: frame 175 :: 186
bake: frame 176 :: 186
bake: frame 177 :: 186
bake: frame 178 :: 186
bake: frame 179 :: 186
bake: frame 180 :: 186[  278.7s] Cloth bake finished in 278.2s.
[  279.0s]   frame   1  mesh x[-0.107,0.112] y[-0.112,0.107] z[0.003,0.005]  quads=[4910, 4864, 4864, 4820]
[  279.0s]              sheet z[0.0030,0.0030] x[-0.107,0.113] y[-0.113,0.108]
[  279.2s]   frame   2  mesh x[-0.107,0.112] y[-0.112,0.107] z[0.002,0.005]  quads=[4865, 4916, 4873, 4804]
[  279.2s]              sheet z[0.0020,0.0030] x[-0.107,0.113] y[-0.113,0.108]
[  279.4s]   frame   4  mesh x[-0.107,0.112] y[-0.112,0.107] z[0.002,0.005]  quads=[4864, 4837, 4875, 4882]
[  279.4s]              sheet z[0.0015,0.0035] x[-0.107,0.113] y[-0.113,0.108]
[  279.5s]   frame   6  mesh x[-0.107,0.112] y[-0.112,0.107] z[0.001,0.005]  quads=[4874, 4806, 4914, 4864]
[  279.5s]              sheet z[0.0012,0.0042] x[-0.107,0.113] y[-0.112,0.108]
[  279.6s]   frame   8  mesh x[-0.107,0.112] y[-0.112,0.107] z[0.001,0.005]  quads=[4882, 4801, 4911, 4864]
[  279.6s]              sheet z[0.0010,0.0043] x[-0.107,0.113] y[-0.112,0.108]
[  279.7s]   frame  10  mesh x[-0.107,0.112] y[-0.112,0.107] z[0.001,0.006]  quads=[4903, 4815, 4898, 4842]
[  279.7s]              sheet z[-0.0002,0.0044] x[-0.107,0.112] y[-0.112,0.108]
[  279.9s]   frame  15  mesh x[-0.107,0.111] y[-0.111,0.107] z[-0.000,0.006]  quads=[4921, 4793, 4908, 4836]
[  279.9s]              sheet z[-0.0022,0.0050] x[-0.107,0.112] y[-0.112,0.108]
[  280.0s]   frame  25  mesh x[-0.107,0.096] y[-0.111,0.102] z[-0.003,0.025]  quads=[5284, 4825, 4850, 4499]
[  280.0s]              sheet z[-0.0036,0.0251] x[-0.107,0.097] y[-0.111,0.104]
[  280.2s]   frame  71  mesh x[-0.106,0.018] y[-0.111,0.036] z[-0.010,0.022]  quads=[12183, 3480, 2753, 1042]
[  280.2s]              sheet z[-0.0133,0.0258] x[-0.107,0.021] y[-0.112,0.037]
[  280.4s]   frame  75  mesh x[-0.106,0.019] y[-0.112,0.031] z[-0.010,0.024]  quads=[12581, 3716, 2351, 810]
[  280.4s]              sheet z[-0.0140,0.0245] x[-0.107,0.021] y[-0.113,0.032]
[  280.6s]   frame  92  mesh x[-0.107,0.024] y[-0.111,0.014] z[-0.009,0.047]  quads=[16042, 1648, 1748, 20]
[  280.6s]              sheet z[-0.0116,0.0478] x[-0.107,0.026] y[-0.112,0.015]
[  280.7s]   frame 102  mesh x[-0.107,0.006] y[-0.111,0.009] z[-0.002,0.056]  quads=[18022, 740, 696, 0]
[  280.7s]              sheet z[-0.0052,0.0578] x[-0.107,0.009] y[-0.112,0.012]
[  280.9s]   frame 148  mesh x[-0.106,0.041] y[-0.111,0.044] z[-0.004,0.040]  quads=[5977, 9125, 3717, 639]
[  280.9s]              sheet z[-0.0052,0.0423] x[-0.107,0.042] y[-0.112,0.044]
[  281.0s]   frame 152  mesh x[-0.107,0.038] y[-0.110,0.049] z[-0.004,0.046]  quads=[5808, 8428, 4260, 962]
[  281.0s]              sheet z[-0.0055,0.0478] x[-0.107,0.039] y[-0.111,0.049]
[  281.2s]   frame 169  mesh x[-0.106,0.060] y[-0.111,0.059] z[0.002,0.050]  quads=[5997, 7574, 3795, 2092]
[  281.2s]              sheet z[0.0012,0.0496] x[-0.107,0.062] y[-0.112,0.060]
[  281.4s]   frame 186  mesh x[-0.106,0.079] y[-0.111,0.053] z[0.002,0.030]  quads=[5738, 6775, 4237, 2708]
[  281.4s]              sheet z[0.0011,0.0294] x[-0.107,0.079] y[-0.112,0.054]
[  281.4s] ---- folded-tortilla diagnostics (final frame) ----
[  281.5s]   verts                        19458
[  281.5s]   x                            (-0.10640646517276764, 0.07882144302129745)
[  281.5s]   y                            (-0.11137986928224564, 0.05258335545659065)
[  281.5s]   z                            (0.0024474491365253925, 0.029601234942674637)
[  281.5s]   span                         (0.1852279081940651, 0.1639632247388363, 0.027153785806149244)
[  281.5s]   quadrants_[--,-+,+-,++]      [5738, 6775, 4237, 2708]
[  281.5s] ---------------------------------------------------
Info: Saved as "tortilla_baked.blend"
[  281.5s] Saved .blend: /workspace/output/tortilla_baked.blend
[  281.5s] Wrote /workspace/output/run_info.txt
[  281.5s] --bake-only requested: skipping render.
[  281.5s] === done in 281.5s; outputs in /workspace/output ===

bake: frame 181 :: 186
bake: frame 182 :: 186
bake: frame 183 :: 186
bake: frame 184 :: 186
bake: frame 185 :: 186
bake: frame 186 :: 186

# exit 0  296s  files: ['output/run_info.txt', 'output/tortilla_baked.blend']
