# 20261005-020616 sandbox c302f192-f1bd-466a-b62a-c6122bcca9f7 gpu RTX-5090
# blender --background --factory-startup --python build_tortilla.py 

[    0.0s] === build_tortilla.py starting ===
[    0.0s] argv: /opt/blender/blender --background --factory-startup --python build_tortilla.py
[    0.1s] Scene reset to empty factory state.
[    0.1s] Host: Linux-6.8.0-137-generic-x86_64-with-glibc2.36 | x86_64 | Blender 4.5.13 LTS
[    0.1s] Cutting board built (500 x 360 x 30 mm, beveled).
[    0.1s] Collision plane created at z=0 (single-sided, impulse-clamped).
[    0.1s]   pinned 139 verts in the stationary quarter.
[    0.1s] Tortilla mesh built: 609 verts, 556 faces (uniform grid disk).
[    0.1s] Wood material built (procedural grain + scratches + satin coat).
[    0.1s] Lighting built: soft key + fill + rim + top (all procedural area lights).
[    0.1s] World built: procedural vertical gradient (no HDRI).
[    0.1s] Camera built: 85 mm, f/2.8, DoF focused on leading folded edge.
[    0.1s] Steam volume material built (subtle).
[    0.1s] Subtle volumetric steam domain added.
[    0.3s] Cycles device: OPTIX ['NVIDIA GeForce RTX 5090']
[    0.3s] Render: Cycles 3840x2160, 512 samples, AgX, 16-bit PNG.
[    0.3s] === Cloth settle: flat tortilla ===
[    0.3s]   pin property: Vertex Group for pinning of vertices
[    0.3s] Baking settle (25 frames, quality 8)...
[   12.8s] settle bake finished in 12.5s.
[   12.8s]   [settle] f  1 sheet x[-0.107,0.113] y[-0.113,0.108] z[0.0030,0.0030]
[   12.8s]   [settle] f 15 sheet x[-0.107,0.113] y[-0.113,0.108] z[0.0022,0.0031]
[   12.8s]   [settle] f 25 sheet x[-0.107,0.113] y[-0.113,0.108] z[0.0021,0.0038]
[   12.8s] settle: cloth pose applied to mesh.
[   12.8s] ---- after settle ----
[   12.9s]   verts                        609
[   12.9s]   x                            (-0.10746762901544571, 0.11308605968952179)
[   12.9s]   y                            (-0.11253757029771805, 0.10803865641355515)
[   12.9s]   z                            (0.0021167711820453405, 0.0037568439729511738)
[   12.9s]   span                         (0.2205536887049675, 0.2205762267112732, 0.0016400727909058332)
[   12.9s]   quadrants_[--,-+,+-,++]      [166, 152, 148, 143]
[   12.9s] ---------------------------------------------------
[   12.9s] === Fold 1: x>0 -> x<0 (hinge = Y axis) ===
[   12.9s]   scripted hinge fold: axis=x angle=180 deg bend=12 mm lift=2.2 mm
[   12.9s] ---- after fold 1 ----
[   12.9s]   verts                        609
[   12.9s]   x                            (-0.11308605968952179, 1.058893212757539e-05)
[   12.9s]   y                            (-0.11253757029771805, 0.10803865641355515)
[   12.9s]   z                            (0.0014431560412049294, 0.008633451536297798)
[   12.9s]   span                         (0.11309664862164936, 0.2205762267112732, 0.007190295495092869)
[   12.9s]   quadrants_[--,-+,+-,++]      [318, 0, 287, 4]
[   12.9s] ---------------------------------------------------
[   12.9s] === Fold 2: y>0 -> y<0 (hinge = X axis) ===
[   12.9s]   scripted hinge fold: axis=y angle=180 deg bend=10 mm lift=2.2 mm
[   12.9s] ---- after fold 2 ----
[   12.9s]   verts                        609
[   12.9s]   x                            (-0.11308605968952179, 1.058893212757539e-05)
[   12.9s]   y                            (-0.11253757029771805, -5.718289685319178e-06)
[   12.9s]   z                            (-0.0004155710630584508, 0.008633451536297798)
[   12.9s]   span                         (0.11309664862164936, 0.11253185200803273, 0.009049022599356249)
[   12.9s]   quadrants_[--,-+,+-,++]      [605, 4, 0, 0]
[   12.9s] ---------------------------------------------------
[   12.9s] Tortilla material built (procedural, node-based).
[   12.9s] ---- final shell ----
[   13.0s]   verts                        19458
[   13.0s]   x                            (-0.11229084432125092, -0.0022568199783563614)
[   13.0s]   y                            (-0.1116282120347023, -0.0011922032572329044)
[   13.0s]   z                            (0.0007507832488045096, 0.008735453709959984)
[   13.0s]   span                         (0.11003402434289455, 0.1104360087774694, 0.007984670461155474)
[   13.0s]   quadrants_[--,-+,+-,++]      [19458, 0, 0, 0]
[   13.0s] ---------------------------------------------------
[   13.0s]   tortilla UV layers: ['UVMap']
[   13.0s]   sample UVs: [(0.32, 0.032), (0.643, 0.25), (0.429, 0.357), (1.014, 0.5), (0.536, 0.607), (0.357, 0.786), (0.643, 0.929)]
[   13.0s]   tortilla materials: ['TortillaMat']
[   13.0s]   material nodes: 18, links: 21
[   13.0s]     noise BlotchNoise scale=7.0 detail=8.0
[   13.0s]     noise CharNoise  scale=22.0 detail=7.0
[   13.0s]     noise FlourNoise scale=150.0 detail=3.0
Info: Saved as "tortilla_baked.blend"
[   13.0s] Saved .blend: /workspace/output/tortilla_baked.blend
[   13.0s] Wrote /workspace/output/run_info.txt
[   13.0s] Rendering final image -> /workspace/output/tortilla_final.png
Blender 4.5.13 LTS (hash daeeeca98fb0 built 2026-08-25 01:31:19)
bake: frame 1 :: 25
bake: frame 2 :: 25
bake: frame 3 :: 25
bake: frame 4 :: 25
bake: frame 5 :: 25
bake: frame 6 :: 25
bake: frame 7 :: 25
bake: frame 8 :: 25
bake: frame 9 :: 25
bake: frame 10 :: 25
bake: frame 11 :: 25
bake: frame 12 :: 25
bake: frame 13 :: 25
bake: frame 14 :: 25
bake: frame 15 :: 25
bake: frame 16 :: 25
bake: frame 17 :: 25
bake: frame 18 :: 25
bake: frame 19 :: 25
bake: frame 20 :: 25
bake: frame 21 :: 25
bake: frame 22 :: 25
bake: frame 23 :: 25
bake: frame 24 :: 25
bake: frame 25 :: 25
Fra:25 Mem:12.95M (Peak 12.95M) | Time:00:00.19 | Mem:0.00M, Peak:0.00M | Scene, ViewLayer | Synchronizing object | Table
Fra:25 Mem:12.95M (Peak 12.95M) | Time:00:00.19 | Mem:0.00M, Peak:0.00M | Scene, ViewLayer | Synchronizing object | CuttingBoard
Fra:25 Mem:17.35M (Peak 17.35M) | Time:00:00.37 | Mem:0.00M, Peak:0.00M | Scene, ViewLayer | Synchronizing object | Tortilla
Fra:25 Mem:17.35M (Peak 17.35M) | Time:00:00.37 | Mem:0.00M, Peak:0.00M | Scene, ViewLayer | Synchronizing object | Fill
Fra:25 Mem:17.79M (Peak 17.79M) | Time:00:00.37 | Mem:0.00M, Peak:0.00M | Scene, ViewLayer | Synchronizing object | SteamVolume
Fra:25 Mem:20.35M (Peak 20.35M) | Time:00:00.37 | Mem:0.00M, Peak:0.00M | Scene, ViewLayer | Initializing
Fra:25 Mem:15.65M (Peak 20.35M) | Time:00:00.38 | Mem:0.00M, Peak:0.00M | Scene, ViewLayer | Waiting for render to start
Fra:25 Mem:15.65M (Peak 20.35M) | Time:00:00.38 | Mem:0.00M, Peak:0.00M | Scene, ViewLayer | Updating Scene
Fra:25 Mem:15.65M (Peak 20.35M) | Time:00:00.38 | Mem:0.00M, Peak:0.00M | Scene, ViewLayer | Updating Shaders
Fra:25 Mem:15.65M (Peak 20.35M) | Time:00:00.38 | Mem:0.00M, Peak:0.00M | Scene, ViewLayer | Loading render kernels (may take a few minutes the first time)
Fra:25 Mem:15.74M (Peak 43.75M) | Time:00:01.32 | Mem:0.01M, Peak:0.01M | Scene, ViewLayer | Updating Procedurals
Fra:25 Mem:15.74M (Peak 43.75M) | Time:00:01.32 | Mem:0.01M, Peak:0.01M | Scene, ViewLayer | Updating Background
Fra:25 Mem:15.74M (Peak 43.75M) | Time:00:01.32 | Mem:0.01M, Peak:0.01M | Scene, ViewLayer | Updating Camera
Fra:25 Mem:15.74M (Peak 43.75M) | Time:00:01.32 | Mem:0.01M, Peak:0.01M | Scene, ViewLayer | Updating Meshes Flags
Fra:25 Mem:15.74M (Peak 43.75M) | Time:00:01.32 | Mem:0.01M, Peak:0.01M | Scene, ViewLayer | Updating Objects
Fra:25 Mem:15.74M (Peak 43.75M) | Time:00:01.32 | Mem:0.01M, Peak:0.01M | Scene, ViewLayer | Updating Objects | Copying Transformations to device
Fra:25 Mem:15.74M (Peak 43.75M) | Time:00:01.32 | Mem:0.02M, Peak:0.02M | Scene, ViewLayer | Updating Particle Systems
Fra:25 Mem:15.74M (Peak 43.75M) | Time:00:01.32 | Mem:0.02M, Peak:0.02M | Scene, ViewLayer | Updating Particle Systems | Copying Particles to device
Fra:25 Mem:15.74M (Peak 43.75M) | Time:00:01.32 | Mem:0.02M, Peak:0.02M | Scene, ViewLayer | Updating Meshes
Fra:25 Mem:15.74M (Peak 43.75M) | Time:00:01.32 | Mem:0.02M, Peak:0.02M | Scene, ViewLayer | Updating Objects | Applying Static Transformations
Fra:25 Mem:15.74M (Peak 43.75M) | Time:00:01.32 | Mem:0.02M, Peak:0.02M | Scene, ViewLayer | Updating Mesh | Computing attributes
Fra:25 Mem:15.97M (Peak 43.75M) | Time:00:01.32 | Mem:0.02M, Peak:0.02M | Scene, ViewLayer | Updating Mesh | Copying Attributes to device
Fra:25 Mem:15.97M (Peak 43.75M) | Time:00:01.32 | Mem:0.25M, Peak:0.25M | Scene, ViewLayer | Updating Geometry BVH light 10/9 | Building BVH
Fra:25 Mem:15.97M (Peak 43.75M) | Time:00:01.32 | Mem:0.25M, Peak:0.25M | Scene, ViewLayer | Updating Geometry BVH light 10/9 | Building OptiX acceleration structure
Fra:25 Mem:15.97M (Peak 43.75M) | Time:00:01.32 | Mem:0.25M, Peak:0.25M | Scene, ViewLayer | Updating Geometry BVH SteamVolumeMesh 9/9 | Building BVH
Fra:25 Mem:15.97M (Peak 43.75M) | Time:00:01.32 | Mem:0.25M, Peak:0.25M | Scene, ViewLayer | Updating Geometry BVH SteamVolumeMesh 9/9 | Building OptiX acceleration structure
Fra:25 Mem:15.99M (Peak 43.75M) | Time:00:01.32 | Mem:0.25M, Peak:0.25M | Scene, ViewLayer | Updating Geometry BVH CuttingBoardMesh 2/9 | Building BVH
Fra:25 Mem:15.99M (Peak 43.75M) | Time:00:01.32 | Mem:0.26M, Peak:0.26M | Scene, ViewLayer | Updating Geometry BVH TableMesh 3/9 | Building BVH
Fra:25 Mem:15.99M (Peak 43.75M) | Time:00:01.32 | Mem:0.31M, Peak:0.31M | Scene, ViewLayer | Updating Geometry BVH Fill 6/9 | Building OptiX acceleration structure
Fra:25 Mem:15.99M (Peak 43.75M) | Time:00:01.32 | Mem:0.31M, Peak:0.31M | Scene, ViewLayer | Updating Geometry BVH Key 5/9 | Building BVH
Fra:25 Mem:15.99M (Peak 43.75M) | Time:00:01.32 | Mem:0.36M, Peak:0.36M | Scene, ViewLayer | Updating Geometry BVH Mesh 4/9 | Building OptiX acceleration structure
Fra:25 Mem:15.99M (Peak 43.75M) | Time:00:01.32 | Mem:0.36M, Peak:0.36M | Scene, ViewLayer | Updating Geometry BVH Top 8/9 | Building BVH
Fra:25 Mem:15.99M (Peak 43.75M) | Time:00:01.32 | Mem:0.36M, Peak:0.36M | Scene, ViewLayer | Updating Geometry BVH Top 8/9 | Building OptiX acceleration structure
Fra:25 Mem:16.71M (Peak 43.75M) | Time:00:01.33 | Mem:3.92M, Peak:4.67M | Scene, ViewLayer | Updating Geometry BVH Rim 7/9 | Building BVH
Fra:25 Mem:15.97M (Peak 43.75M) | Time:00:01.33 | Mem:1.19M, Peak:4.67M | Scene, ViewLayer | Updating Geometry BVH Rim 7/9 | Building OptiX acceleration structure
Fra:25 Mem:15.97M (Peak 43.75M) | Time:00:01.33 | Mem:1.19M, Peak:4.67M | Scene, ViewLayer | Updating Scene BVH | Building
Fra:25 Mem:15.97M (Peak 43.75M) | Time:00:01.33 | Mem:1.19M, Peak:4.67M | Scene, ViewLayer | Updating Scene BVH | Building OptiX acceleration structure
Fra:25 Mem:15.97M (Peak 43.75M) | Time:00:01.33 | Mem:1.19M, Peak:4.67M | Scene, ViewLayer | Updating Scene BVH | Copying BVH to device
Fra:25 Mem:15.97M (Peak 43.75M) | Time:00:01.33 | Mem:1.19M, Peak:4.67M | Scene, ViewLayer | Updating Mesh | Computing normals
Fra:25 Mem:17.06M (Peak 43.75M) | Time:00:01.33 | Mem:1.19M, Peak:4.67M | Scene, ViewLayer | Updating Mesh | Copying Mesh to device
Fra:25 Mem:17.06M (Peak 43.75M) | Time:00:01.33 | Mem:2.27M, Peak:4.67M | Scene, ViewLayer | Updating Objects Flags
Fra:25 Mem:17.06M (Peak 43.75M) | Time:00:01.33 | Mem:2.27M, Peak:4.67M | Scene, ViewLayer | Updating Primitive Offsets
Fra:25 Mem:17.06M (Peak 43.75M) | Time:00:01.33 | Mem:2.27M, Peak:4.67M | Scene, ViewLayer | Updating Images
Fra:25 Mem:17.06M (Peak 43.75M) | Time:00:01.33 | Mem:2.27M, Peak:4.67M | Scene, ViewLayer | Updating Camera Volume
Fra:25 Mem:17.06M (Peak 43.75M) | Time:00:01.33 | Mem:2.27M, Peak:4.67M | Scene, ViewLayer | Updating Lookup Tables
Fra:25 Mem:17.06M (Peak 43.75M) | Time:00:01.33 | Mem:2.36M, Peak:4.67M | Scene, ViewLayer | Updating Lights
Fra:25 Mem:17.06M (Peak 43.75M) | Time:00:01.33 | Mem:2.36M, Peak:4.67M | Scene, ViewLayer | Updating Lights | Importance map
Fra:25 Mem:81.09M (Peak 369.06M) | Time:00:01.47 | Mem:66.39M, Peak:226.36M | Scene, ViewLayer | Updating Lights | Computing tree
Fra:25 Mem:81.09M (Peak 369.06M) | Time:00:01.47 | Mem:66.39M, Peak:226.36M | Scene, ViewLayer | Updating Integrator
Fra:25 Mem:81.09M (Peak 369.06M) | Time:00:01.47 | Mem:66.39M, Peak:226.36M | Scene, ViewLayer | Updating Film
Fra:25 Mem:81.09M (Peak 369.06M) | Time:00:01.47 | Mem:66.31M, Peak:226.36M | Scene, ViewLayer | Updating Lookup Tables
Fra:25 Mem:81.09M (Peak 369.06M) | Time:00:01.47 | Mem:66.39M, Peak:226.36M | Scene, ViewLayer | Updating Baking
Fra:25 Mem:81.09M (Peak 369.06M) | Time:00:01.47 | Mem:66.39M, Peak:226.36M | Scene, ViewLayer | Updating Device | Writing constant memory
Fra:25 Mem:81.09M (Peak 369.06M) | Time:00:01.47 | Mem:66.39M, Peak:226.36M | Scene, ViewLayer | Loading denoising kernels (may take a few minutes the first time)
Fra:25 Mem:97.04M (Peak 369.06M) | Time:00:01.48 | Mem:1819.52M, Peak:1819.52M | Scene, ViewLayer | Rendered 0/4 Tiles, Sample 0/512
Fra:25 Mem:402.23M (Peak 402.23M) | Time:00:01.55 | Remaining:01:04.23 | Mem:2124.71M, Peak:2124.71M | Scene, ViewLayer | Rendered 0/4 Tiles, Sample 1/512
Fra:25 Mem:402.25M (Peak 402.25M) | Time:00:05.27 | Remaining:00:44.13 | Mem:2124.73M, Peak:2124.73M | Scene, ViewLayer | Rendered 0/4 Tiles, Sample 80/512
Fra:25 Mem:402.25M (Peak 402.25M) | Time:00:06.05 | Remaining:00:43.58 | Mem:2124.73M, Peak:2124.73M | Scene, ViewLayer | Rendered 0/4 Tiles, Sample 96/512
Fra:25 Mem:402.25M (Peak 402.25M) | Time:00:06.82 | Remaining:00:42.93 | Mem:2124.73M, Peak:2124.73M | Scene, ViewLayer | Rendered 0/4 Tiles, Sample 112/512
Fra:25 Mem:402.25M (Peak 402.25M) | Time:00:07.59 | Remaining:00:42.21 | Mem:2124.73M, Peak:2124.73M | Scene, ViewLayer | Rendered 0/4 Tiles, Sample 128/512
Fra:25 Mem:402.25M (Peak 402.25M) | Time:00:08.36 | Remaining:00:41.45 | Mem:2124.73M, Peak:2124.73M | Scene, ViewLayer | Rendered 0/4 Tiles, Sample 144/512
Fra:25 Mem:402.25M (Peak 402.25M) | Time:00:09.11 | Remaining:00:40.63 | Mem:2124.73M, Peak:2124.73M | Scene, ViewLayer | Rendered 0/4 Tiles, Sample 160/512
Fra:25 Mem:402.25M (Peak 402.25M) | Time:00:09.85 | Remaining:00:39.76 | Mem:2124.73M, Peak:2124.73M | Scene, ViewLayer | Rendered 0/4 Tiles, Sample 176/512
Fra:25 Mem:402.25M (Peak 402.25M) | Time:00:10.58 | Remaining:00:38.86 | Mem:2124.73M, Peak:2124.73M | Scene, ViewLayer | Rendered 0/4 Tiles, Sample 192/512
Fra:25 Mem:402.25M (Peak 402.25M) | Time:00:11.29 | Remaining:00:37.91 | Mem:2124.73M, Peak:2124.73M | Scene, ViewLayer | Rendered 0/4 Tiles, Sample 208/512
Fra:25 Mem:402.25M (Peak 402.25M) | Time:00:11.98 | Remaining:00:36.94 | Mem:2124.73M, Peak:2124.73M | Scene, ViewLayer | Rendered 0/4 Tiles, Sample 224/512
Fra:25 Mem:402.25M (Peak 402.25M) | Time:00:12.65 | Remaining:00:35.94 | Mem:2124.73M, Peak:2124.73M | Scene, ViewLayer | Rendered 0/4 Tiles, Sample 240/512
Fra:25 Mem:402.25M (Peak 402.25M) | Time:00:13.30 | Remaining:00:34.92 | Mem:2124.73M, Peak:2124.73M | Scene, ViewLayer | Rendered 0/4 Tiles, Sample 256/512
Fra:25 Mem:402.25M (Peak 402.25M) | Time:00:13.93 | Remaining:00:33.89 | Mem:2124.73M, Peak:2124.73M | Scene, ViewLayer | Rendered 0/4 Tiles, Sample 272/512
Fra:25 Mem:402.25M (Peak 402.25M) | Time:00:14.54 | Remaining:00:32.85 | Mem:2124.73M, Peak:2124.73M | Scene, ViewLayer | Rendered 0/4 Tiles, Sample 288/512
Fra:25 Mem:402.25M (Peak 402.25M) | Time:00:15.13 | Remaining:00:31.80 | Mem:2124.73M, Peak:2124.73M | Scene, ViewLayer | Rendered 0/4 Tiles, Sample 304/512
Fra:25 Mem:402.25M (Peak 402.25M) | Time:00:15.69 | Remaining:00:30.75 | Mem:2124.73M, Peak:2124.73M | Scene, ViewLayer | Rendered 0/4 Tiles, Sample 320/512
Fra:25 Mem:402.25M (Peak 402.25M) | Time:00:16.23 | Remaining:00:29.69 | Mem:2124.73M, Peak:2124.73M | Scene, ViewLayer | Rendered 0/4 Tiles, Sample 336/512
Fra:25 Mem:402.25M (Peak 402.25M) | Time:00:16.76 | Remaining:00:28.65 | Mem:2124.73M, Peak:2124.73M | Scene, ViewLayer | Rendered 0/4 Tiles, Sample 352/512
Fra:25 Mem:402.25M (Peak 402.25M) | Time:00:17.26 | Remaining:00:27.63 | Mem:2124.73M, Peak:2124.73M | Scene, ViewLayer | Rendered 0/4 Tiles, Sample 368/512
Fra:25 Mem:402.25M (Peak 402.25M) | Time:00:17.74 | Remaining:00:26.61 | Mem:2124.73M, Peak:2124.73M | Scene, ViewLayer | Rendered 0/4 Tiles, Sample 384/512
Fra:25 Mem:402.25M (Peak 402.25M) | Time:00:18.20 | Remaining:00:25.60 | Mem:2124.73M, Peak:2124.73M | Scene, ViewLayer | Rendered 0/4 Tiles, Sample 400/512
Fra:25 Mem:402.25M (Peak 402.25M) | Time:00:18.65 | Remaining:00:24.61 | Mem:2124.73M, Peak:2124.73M | Scene, ViewLayer | Rendered 0/4 Tiles, Sample 416/512
Fra:25 Mem:402.25M (Peak 402.25M) | Time:00:19.07 | Remaining:00:23.63 | Mem:2124.73M, Peak:2124.73M | Scene, ViewLayer | Rendered 0/4 Tiles, Sample 432/512
Fra:25 Mem:402.25M (Peak 402.25M) | Time:00:19.48 | Remaining:00:22.67 | Mem:2124.73M, Peak:2124.73M | Scene, ViewLayer | Rendered 0/4 Tiles, Sample 448/512
Fra:25 Mem:402.25M (Peak 402.25M) | Time:00:19.86 | Remaining:00:21.72 | Mem:2124.73M, Peak:2124.73M | Scene, ViewLayer | Rendered 0/4 Tiles, Sample 464/512
Fra:25 Mem:402.25M (Peak 402.25M) | Time:00:20.23 | Remaining:00:20.79 | Mem:2124.73M, Peak:2124.73M | Scene, ViewLayer | Rendered 0/4 Tiles, Sample 480/512
Fra:25 Mem:402.25M (Peak 402.25M) | Time:00:20.59 | Remaining:00:19.89 | Mem:2124.73M, Peak:2124.73M | Scene, ViewLayer | Rendered 0/4 Tiles, Sample 496/512
Fra:25 Mem:402.25M (Peak 706.25M) | Time:00:21.44 | Remaining:00:19.50 | Mem:2124.73M, Peak:2124.73M | Scene, ViewLayer | Rendered 0/4 Tiles, Sample 512/512
Fra:25 Mem:402.25M (Peak 706.25M) | Time:00:21.44 | Remaining:00:19.50 | Mem:2124.73M, Peak:2124.73M | Scene, ViewLayer | Rendered 1/4 Tiles, Sample 512/512
Fra:25 Mem:364.17M (Peak 706.25M) | Time:00:21.50 | Remaining:00:19.50 | Mem:2086.65M, Peak:2124.73M | Scene, ViewLayer | Rendered 1/4 Tiles, Sample 1/512
Fra:25 Mem:364.17M (Peak 706.25M) | Time:00:24.82 | Remaining:00:17.26 | Mem:2086.65M, Peak:2124.73M | Scene, ViewLayer | Rendered 1/4 Tiles, Sample 80/512
Fra:25 Mem:364.17M (Peak 706.25M) | Time:00:25.51 | Remaining:00:16.79 | Mem:2086.65M, Peak:2124.73M | Scene, ViewLayer | Rendered 1/4 Tiles, Sample 96/512
Fra:25 Mem:364.17M (Peak 706.25M) | Time:00:26.21 | Remaining:00:16.31 | Mem:2086.65M, Peak:2124.73M | Scene, ViewLayer | Rendered 1/4 Tiles, Sample 112/512
Fra:25 Mem:364.17M (Peak 706.25M) | Time:00:26.90 | Remaining:00:15.82 | Mem:2086.65M, Peak:2124.73M | Scene, ViewLayer | Rendered 1/4 Tiles, Sample 128/512
Fra:25 Mem:364.17M (Peak 706.25M) | Time:00:27.60 | Remaining:00:15.33 | Mem:2086.65M, Peak:2124.73M | Scene, ViewLayer | Rendered 1/4 Tiles, Sample 144/512
Fra:25 Mem:364.17M (Peak 706.25M) | Time:00:28.29 | Remaining:00:14.82 | Mem:2086.65M, Peak:2124.73M | Scene, ViewLayer | Rendered 1/4 Tiles, Sample 160/512
Fra:25 Mem:364.17M (Peak 706.25M) | Time:00:28.99 | Remaining:00:14.30 | Mem:2086.65M, Peak:2124.73M | Scene, ViewLayer | Rendered 1/4 Tiles, Sample 176/512
Fra:25 Mem:364.17M (Peak 706.25M) | Time:00:29.68 | Remaining:00:13.78 | Mem:2086.65M, Peak:2124.73M | Scene, ViewLayer | Rendered 1/4 Tiles, Sample 192/512
Fra:25 Mem:364.17M (Peak 706.25M) | Time:00:30.36 | Remaining:00:13.25 | Mem:2086.65M, Peak:2124.73M | Scene, ViewLayer | Rendered 1/4 Tiles, Sample 208/512
Fra:25 Mem:364.17M (Peak 706.25M) | Time:00:31.05 | Remaining:00:12.71 | Mem:2086.65M, Peak:2124.73M | Scene, ViewLayer | Rendered 1/4 Tiles, Sample 224/512
Fra:25 Mem:364.17M (Peak 706.25M) | Time:00:31.73 | Remaining:00:12.16 | Mem:2086.65M, Peak:2124.73M | Scene, ViewLayer | Rendered 1/4 Tiles, Sample 240/512
Fra:25 Mem:364.17M (Peak 706.25M) | Time:00:32.41 | Remaining:00:11.61 | Mem:2086.65M, Peak:2124.73M | Scene, ViewLayer | Rendered 1/4 Tiles, Sample 256/512
Fra:25 Mem:364.17M (Peak 706.25M) | Time:00:33.08 | Remaining:00:11.05 | Mem:2086.65M, Peak:2124.73M | Scene, ViewLayer | Rendered 1/4 Tiles, Sample 272/512
Fra:25 Mem:364.17M (Peak 706.25M) | Time:00:33.75 | Remaining:00:10.49 | Mem:2086.65M, Peak:2124.73M | Scene, ViewLayer | Rendered 1/4 Tiles, Sample 288/512
Fra:25 Mem:364.17M (Peak 706.25M) | Time:00:34.42 | Remaining:00:09.92 | Mem:2086.65M, Peak:2124.73M | Scene, ViewLayer | Rendered 1/4 Tiles, Sample 304/512
Fra:25 Mem:364.17M (Peak 706.25M) | Time:00:35.08 | Remaining:00:09.35 | Mem:2086.65M, Peak:2124.73M | Scene, ViewLayer | Rendered 1/4 Tiles, Sample 320/512
Fra:25 Mem:364.17M (Peak 706.25M) | Time:00:35.74 | Remaining:00:08.77 | Mem:2086.65M, Peak:2124.73M | Scene, ViewLayer | Rendered 1/4 Tiles, Sample 336/512
Fra:25 Mem:364.17M (Peak 706.25M) | Time:00:36.39 | Remaining:00:08.19 | Mem:2086.65M, Peak:2124.73M | Scene, ViewLayer | Rendered 1/4 Tiles, Sample 352/512
Fra:25 Mem:364.17M (Peak 706.25M) | Time:00:37.03 | Remaining:00:07.60 | Mem:2086.65M, Peak:2124.73M | Scene, ViewLayer | Rendered 1/4 Tiles, Sample 368/512
Fra:25 Mem:364.17M (Peak 706.25M) | Time:00:37.67 | Remaining:00:07.01 | Mem:2086.65M, Peak:2124.73M | Scene, ViewLayer | Rendered 1/4 Tiles, Sample 384/512
Fra:25 Mem:364.17M (Peak 706.25M) | Time:00:38.30 | Remaining:00:06.42 | Mem:2086.65M, Peak:2124.73M | Scene, ViewLayer | Rendered 1/4 Tiles, Sample 400/512
Fra:25 Mem:364.17M (Peak 706.25M) | Time:00:38.92 | Remaining:00:05.83 | Mem:2086.65M, Peak:2124.73M | Scene, ViewLayer | Rendered 1/4 Tiles, Sample 416/512
Fra:25 Mem:364.17M (Peak 706.25M) | Time:00:39.53 | Remaining:00:05.23 | Mem:2086.65M, Peak:2124.73M | Scene, ViewLayer | Rendered 1/4 Tiles, Sample 432/512
Fra:25 Mem:364.17M (Peak 706.25M) | Time:00:40.14 | Remaining:00:04.63 | Mem:2086.65M, Peak:2124.73M | Scene, ViewLayer | Rendered 1/4 Tiles, Sample 448/512
Fra:25 Mem:364.17M (Peak 706.25M) | Time:00:40.74 | Remaining:00:04.04 | Mem:2086.65M, Peak:2124.73M | Scene, ViewLayer | Rendered 1/4 Tiles, Sample 464/512
Fra:25 Mem:364.17M (Peak 706.25M) | Time:00:41.33 | Remaining:00:03.44 | Mem:2086.65M, Peak:2124.73M | Scene, ViewLayer | Rendered 1/4 Tiles, Sample 480/512
Fra:25 Mem:364.17M (Peak 706.25M) | Time:00:41.91 | Remaining:00:02.84 | Mem:2086.65M, Peak:2124.73M | Scene, ViewLayer | Rendered 1/4 Tiles, Sample 496/512
Fra:25 Mem:364.17M (Peak 706.25M) | Time:00:43.12 | Remaining:00:02.27 | Mem:2086.65M, Peak:2124.73M | Scene, ViewLayer | Rendered 1/4 Tiles, Sample 512/512
Fra:25 Mem:364.17M (Peak 706.25M) | Time:00:43.12 | Remaining:00:02.27 | Mem:2086.65M, Peak:2124.73M | Scene, ViewLayer | Rendered 2/4 Tiles, Sample 512/512
Fra:25 Mem:114.31M (Peak 706.25M) | Time:00:43.13 | Remaining:00:02.27 | Mem:1836.79M, Peak:2124.73M | Scene, ViewLayer | Rendered 2/4 Tiles, Sample 1/512
Fra:25 Mem:114.31M (Peak 706.25M) | Time:00:43.31 | Remaining:00:02.08 | Mem:1836.79M, Peak:2124.73M | Scene, ViewLayer | Rendered 2/4 Tiles, Sample 80/512
Fra:25 Mem:114.31M (Peak 706.25M) | Time:00:43.34 | Remaining:00:02.04 | Mem:1836.79M, Peak:2124.73M | Scene, ViewLayer | Rendered 2/4 Tiles, Sample 96/512
Fra:25 Mem:114.31M (Peak 706.25M) | Time:00:43.38 | Remaining:00:02.01 | Mem:1836.79M, Peak:2124.73M | Scene, ViewLayer | Rendered 2/4 Tiles, Sample 112/512
Fra:25 Mem:114.31M (Peak 706.25M) | Time:00:43.42 | Remaining:00:01.97 | Mem:1836.79M, Peak:2124.73M | Scene, ViewLayer | Rendered 2/4 Tiles, Sample 128/512
Fra:25 Mem:114.31M (Peak 706.25M) | Time:00:43.45 | Remaining:00:01.93 | Mem:1836.79M, Peak:2124.73M | Scene, ViewLayer | Rendered 2/4 Tiles, Sample 144/512
Fra:25 Mem:114.31M (Peak 706.25M) | Time:00:43.49 | Remaining:00:01.89 | Mem:1836.79M, Peak:2124.73M | Scene, ViewLayer | Rendered 2/4 Tiles, Sample 160/512
Fra:25 Mem:114.31M (Peak 706.25M) | Time:00:43.52 | Remaining:00:01.85 | Mem:1836.79M, Peak:2124.73M | Scene, ViewLayer | Rendered 2/4 Tiles, Sample 176/512
Fra:25 Mem:114.31M (Peak 706.25M) | Time:00:43.55 | Remaining:00:01.82 | Mem:1836.79M, Peak:2124.73M | Scene, ViewLayer | Rendered 2/4 Tiles, Sample 192/512
Fra:25 Mem:114.31M (Peak 706.25M) | Time:00:43.58 | Remaining:00:01.78 | Mem:1836.79M, Peak:2124.73M | Scene, ViewLayer | Rendered 2/4 Tiles, Sample 208/512
Fra:25 Mem:114.31M (Peak 706.25M) | Time:00:43.61 | Remaining:00:01.74 | Mem:1836.79M, Peak:2124.73M | Scene, ViewLayer | Rendered 2/4 Tiles, Sample 224/512
Fra:25 Mem:114.31M (Peak 706.25M) | Time:00:43.64 | Remaining:00:01.70 | Mem:1836.79M, Peak:2124.73M | Scene, ViewLayer | Rendered 2/4 Tiles, Sample 240/512
Fra:25 Mem:114.31M (Peak 706.25M) | Time:00:43.67 | Remaining:00:01.66 | Mem:1836.79M, Peak:2124.73M | Scene, ViewLayer | Rendered 2/4 Tiles, Sample 256/512
Fra:25 Mem:114.31M (Peak 706.25M) | Time:00:43.69 | Remaining:00:01.62 | Mem:1836.79M, Peak:2124.73M | Scene, ViewLayer | Rendered 2/4 Tiles, Sample 272/512
Fra:25 Mem:114.31M (Peak 706.25M) | Time:00:43.72 | Remaining:00:01.59 | Mem:1836.79M, Peak:2124.73M | Scene, ViewLayer | Rendered 2/4 Tiles, Sample 288/512
Fra:25 Mem:114.31M (Peak 706.25M) | Time:00:43.74 | Remaining:00:01.55 | Mem:1836.79M, Peak:2124.73M | Scene, ViewLayer | Rendered 2/4 Tiles, Sample 304/512
Fra:25 Mem:114.31M (Peak 706.25M) | Time:00:43.77 | Remaining:00:01.51 | Mem:1836.79M, Peak:2124.73M | Scene, ViewLayer | Rendered 2/4 Tiles, Sample 320/512
Fra:25 Mem:114.31M (Peak 706.25M) | Time:00:43.79 | Remaining:00:01.47 | Mem:1836.79M, Peak:2124.73M | Scene, ViewLayer | Rendered 2/4 Tiles, Sample 336/512
Fra:25 Mem:114.31M (Peak 706.25M) | Time:00:43.81 | Remaining:00:01.43 | Mem:1836.79M, Peak:2124.73M | Scene, ViewLayer | Rendered 2/4 Tiles, Sample 352/512
Fra:25 Mem:114.31M (Peak 706.25M) | Time:00:43.84 | Remaining:00:01.39 | Mem:1836.79M, Peak:2124.73M | Scene, ViewLayer | Rendered 2/4 Tiles, Sample 368/512
Fra:25 Mem:114.31M (Peak 706.25M) | Time:00:43.86 | Remaining:00:01.36 | Mem:1836.79M, Peak:2124.73M | Scene, ViewLayer | Rendered 2/4 Tiles, Sample 384/512
Fra:25 Mem:114.31M (Peak 706.25M) | Time:00:43.88 | Remaining:00:01.32 | Mem:1836.79M, Peak:2124.73M | Scene, ViewLayer | Rendered 2/4 Tiles, Sample 400/512
Fra:25 Mem:114.31M (Peak 706.25M) | Time:00:43.90 | Remaining:00:01.28 | Mem:1836.79M, Peak:2124.73M | Scene, ViewLayer | Rendered 2/4 Tiles, Sample 416/512
Fra:25 Mem:114.31M (Peak 706.25M) | Time:00:43.91 | Remaining:00:01.24 | Mem:1836.79M, Peak:2124.73M | Scene, ViewLayer | Rendered 2/4 Tiles, Sample 432/512
Fra:25 Mem:114.31M (Peak 706.25M) | Time:00:43.93 | Remaining:00:01.20 | Mem:1836.79M, Peak:2124.73M | Scene, ViewLayer | Rendered 2/4 Tiles, Sample 448/512
Fra:25 Mem:114.31M (Peak 706.25M) | Time:00:43.95 | Remaining:00:01.16 | Mem:1836.79M, Peak:2124.73M | Scene, ViewLayer | Rendered 2/4 Tiles, Sample 464/512
Fra:25 Mem:114.31M (Peak 706.25M) | Time:00:43.97 | Remaining:00:01.13 | Mem:1836.79M, Peak:2124.73M | Scene, ViewLayer | Rendered 2/4 Tiles, Sample 480/512
Fra:25 Mem:114.31M (Peak 706.25M) | Time:00:43.98 | Remaining:00:01.09 | Mem:1836.79M, Peak:2124.73M | Scene, ViewLayer | Rendered 2/4 Tiles, Sample 496/512
Fra:25 Mem:114.31M (Peak 706.25M) | Time:00:44.03 | Remaining:00:01.05 | Mem:1836.79M, Peak:2124.73M | Scene, ViewLayer | Rendered 2/4 Tiles, Sample 512/512
Fra:25 Mem:114.31M (Peak 706.25M) | Time:00:44.03 | Remaining:00:01.05 | Mem:1836.79M, Peak:2124.73M | Scene, ViewLayer | Rendered 3/4 Tiles, Sample 512/512
Fra:25 Mem:112.16M (Peak 706.25M) | Time:00:44.03 | Remaining:00:01.05 | Mem:1834.64M, Peak:2124.73M | Scene, ViewLayer | Rendered 3/4 Tiles, Sample 1/512
Fra:25 Mem:112.16M (Peak 706.25M) | Time:00:44.19 | Remaining:00:00.89 | Mem:1834.64M, Peak:2124.73M | Scene, ViewLayer | Rendered 3/4 Tiles, Sample 80/512
Fra:25 Mem:112.16M (Peak 706.25M) | Time:00:44.23 | Remaining:00:00.85 | Mem:1834.64M, Peak:2124.73M | Scene, ViewLayer | Rendered 3/4 Tiles, Sample 96/512
Fra:25 Mem:112.16M (Peak 706.25M) | Time:00:44.26 | Remaining:00:00.82 | Mem:1834.64M, Peak:2124.73M | Scene, ViewLayer | Rendered 3/4 Tiles, Sample 112/512
Fra:25 Mem:112.16M (Peak 706.25M) | Time:00:44.30 | Remaining:00:00.79 | Mem:1834.64M, Peak:2124.73M | Scene, ViewLayer | Rendered 3/4 Tiles, Sample 128/512
Fra:25 Mem:112.16M (Peak 706.25M) | Time:00:44.34 | Remaining:00:00.75 | Mem:1834.64M, Peak:2124.73M | Scene, ViewLayer | Rendered 3/4 Tiles, Sample 144/512
Fra:25 Mem:112.16M (Peak 706.25M) | Time:00:44.37 | Remaining:00:00.72 | Mem:1834.64M, Peak:2124.73M | Scene, ViewLayer | Rendered 3/4 Tiles, Sample 160/512
Fra:25 Mem:112.16M (Peak 706.25M) | Time:00:44.41 | Remaining:00:00.69 | Mem:1834.64M, Peak:2124.73M | Scene, ViewLayer | Rendered 3/4 Tiles, Sample 176/512
Fra:25 Mem:112.16M (Peak 706.25M) | Time:00:44.45 | Remaining:00:00.65 | Mem:1834.64M, Peak:2124.73M | Scene, ViewLayer | Rendered 3/4 Tiles, Sample 192/512
Fra:25 Mem:112.16M (Peak 706.25M) | Time:00:44.48 | Remaining:00:00.62 | Mem:1834.64M, Peak:2124.73M | Scene, ViewLayer | Rendered 3/4 Tiles, Sample 208/512
Fra:25 Mem:112.16M (Peak 706.25M) | Time:00:44.52 | Remaining:00:00.59 | Mem:1834.64M, Peak:2124.73M | Scene, ViewLayer | Rendered 3/4 Tiles, Sample 224/512
Fra:25 Mem:112.16M (Peak 706.25M) | Time:00:44.55 | Remaining:00:00.56 | Mem:1834.64M, Peak:2124.73M | Scene, ViewLayer | Rendered 3/4 Tiles, Sample 240/512
Fra:25 Mem:112.16M (Peak 706.25M) | Time:00:44.59 | Remaining:00:00.52 | Mem:1834.64M, Peak:2124.73M | Scene, ViewLayer | Rendered 3/4 Tiles, Sample 256/512
Fra:25 Mem:112.16M (Peak 706.25M) | Time:00:44.63 | Remaining:00:00.49 | Mem:1834.64M, Peak:2124.73M | Scene, ViewLayer | Rendered 3/4 Tiles, Sample 272/512
Fra:25 Mem:112.16M (Peak 706.25M) | Time:00:44.66 | Remaining:00:00.46 | Mem:1834.64M, Peak:2124.73M | Scene, ViewLayer | Rendered 3/4 Tiles, Sample 288/512
Fra:25 Mem:112.16M (Peak 706.25M) | Time:00:44.70 | Remaining:00:00.42 | Mem:1834.64M, Peak:2124.73M | Scene, ViewLayer | Rendered 3/4 Tiles, Sample 304/512
Fra:25 Mem:112.16M (Peak 706.25M) | Time:00:44.74 | Remaining:00:00.39 | Mem:1834.64M, Peak:2124.73M | Scene, ViewLayer | Rendered 3/4 Tiles, Sample 320/512
Fra:25 Mem:112.16M (Peak 706.25M) | Time:00:44.77 | Remaining:00:00.36 | Mem:1834.64M, Peak:2124.73M | Scene, ViewLayer | Rendered 3/4 Tiles, Sample 336/512
Fra:25 Mem:112.16M (Peak 706.25M) | Time:00:44.81 | Remaining:00:00.33 | Mem:1834.64M, Peak:2124.73M | Scene, ViewLayer | Rendered 3/4 Tiles, Sample 352/512
Fra:25 Mem:112.16M (Peak 706.25M) | Time:00:44.84 | Remaining:00:00.29 | Mem:1834.64M, Peak:2124.73M | Scene, ViewLayer | Rendered 3/4 Tiles, Sample 368/512
Fra:25 Mem:112.16M (Peak 706.25M) | Time:00:44.88 | Remaining:00:00.26 | Mem:1834.64M, Peak:2124.73M | Scene, ViewLayer | Rendered 3/4 Tiles, Sample 384/512
Fra:25 Mem:112.16M (Peak 706.25M) | Time:00:44.91 | Remaining:00:00.23 | Mem:1834.64M, Peak:2124.73M | Scene, ViewLayer | Rendered 3/4 Tiles, Sample 400/512
Fra:25 Mem:112.16M (Peak 706.25M) | Time:00:44.94 | Remaining:00:00.19 | Mem:1834.64M, Peak:2124.73M | Scene, ViewLayer | Rendered 3/4 Tiles, Sample 416/512
Fra:25 Mem:112.16M (Peak 706.25M) | Time:00:44.98 | Remaining:00:00.16 | Mem:1834.64M, Peak:2124.73M | Scene, ViewLayer | Rendered 3/4 Tiles, Sample 432/512
Fra:25 Mem:112.16M (Peak 706.25M) | Time:00:45.01 | Remaining:00:00.13 | Mem:1834.64M, Peak:2124.73M | Scene, ViewLayer | Rendered 3/4 Tiles, Sample 448/512
Fra:25 Mem:112.16M (Peak 706.25M) | Time:00:45.05 | Remaining:00:00.09 | Mem:1834.64M, Peak:2124.73M | Scene, ViewLayer | Rendered 3/4 Tiles, Sample 464/512
Fra:25 Mem:112.16M (Peak 706.25M) | Time:00:45.08 | Remaining:00:00.06 | Mem:1834.64M, Peak:2124.73M | Scene, ViewLayer | Rendered 3/4 Tiles, Sample 480/512
Fra:25 Mem:112.16M (Peak 706.25M) | Time:00:45.11 | Remaining:00:00.03 | Mem:1834.64M, Peak:2124.73M | Scene, ViewLayer | Rendered 3/4 Tiles, Sample 496/512
Fra:25 Mem:112.16M (Peak 706.25M) | Time:00:45.17 | Mem:1834.64M, Peak:2124.73M | Scene, ViewLayer | Rendered 3/4 Tiles, Sample 512/512
Fra:25 Mem:112.16M (Peak 706.25M) | Time:00:45.17 | Mem:1834.64M, Peak:2124.73M | Scene, ViewLayer | Rendered 3/4 Tiles, Sample 0/512
Fra:25 Mem:112.16M (Peak 706.25M) | Time:00:45.18 | Mem:1834.64M, Peak:2124.73M | Scene, ViewLayer | Finished
Fra:25 Mem:30.03M (Peak 706.25M) | Time:00:45.18 | Mem:1754.10M, Peak:2124.73M | Scene | Reading full buffer from disk
Fra:25 Mem:631.20M (Peak 706.25M) | Time:00:45.71 | Mem:1754.10M, Peak:2124.73M | Scene | ViewLayer | Denoising
Fra:25 Mem:631.20M (Peak 821.04M) | Time:01:38.25 | Mem:2355.27M, Peak:2355.27M | Scene | ViewLayer | Finishing
Saved: '/workspace/output/tortilla_final.png'
Time: 01:40.54 (Saving: 00:01.57)

[  113.6s] Render finished in 100.6s.
Info: Saved as "tortilla_baked.blend"
[  113.6s] === done in 113.6s; outputs in /workspace/output ===

# exit 0  130s  files: ['output/run_info.txt', 'output/tortilla_final.png', 'output/tortilla_baked.blend', 'output/tortilla_baked.blend1']
