# 20261005-021130 sandbox cae6ad9e-c83c-4fa9-aa95-e61feecf4872 gpu RTX-5090
# blender --background --factory-startup --python build_tortilla.py --bake-only

[    0.0s] === build_tortilla.py starting ===
[    0.0s] argv: /opt/blender/blender --background --factory-startup --python build_tortilla.py -- --bake-only
[    0.1s] Scene reset to empty factory state.
[    0.1s] Host: Linux-6.8.0-137-generic-x86_64-with-glibc2.36 | x86_64 | Blender 4.5.13 LTS
[    0.1s] Cutting board built (500 x 360 x 30 mm, beveled).
[    0.1s] Collision plane created at z=0 (single-sided, impulse-clamped).
[    0.1s]   pinned 139 verts in the stationary quarter.
[    0.1s] Tortilla mesh built: 609 verts, 556 faces (uniform grid disk).
[    0.1s] Wood material built (procedural grain + scratches + satin coat).
[    0.1s] Lighting built: soft key + fill + rim + top (all procedural area lights).
[    0.1s] World built: procedural vertical gradient (no HDRI).
[    0.1s] Camera built: 85 mm, f/2.8, DoF focused on leading folded edge.
[    0.1s] Steam volume material built (subtle).
[    0.1s] Subtle volumetric steam domain added.
[    0.2s] Cycles device: OPTIX ['NVIDIA GeForce RTX 5090']
[    0.2s] Render: Cycles 3840x2160, 512 samples, AgX, 16-bit PNG.
[    0.2s] === Cloth settle: flat tortilla ===
[    0.2s]   pin property: Vertex Group for pinning of vertices
[    0.3s] Baking settle (25 frames, quality 8)...
[   13.3s] settle bake finished in 13.0s.
[   13.4s]   [settle] f  1 sheet x[-0.107,0.113] y[-0.113,0.108] z[0.0030,0.0030]
[   13.4s]   [settle] f 15 sheet x[-0.107,0.113] y[-0.113,0.108] z[0.0022,0.0031]
[   13.4s]   [settle] f 25 sheet x[-0.107,0.113] y[-0.113,0.108] z[0.0021,0.0038]
[   13.4s] settle: cloth pose applied to mesh.
[   13.4s] ---- after settle ----
[   13.4s]   verts                        609
[   13.4s]   x                            (-0.10746762901544571, 0.11308605968952179)
[   13.4s]   y                            (-0.11253757029771805, 0.10803865641355515)
[   13.4s]   z                            (0.0021167711820453405, 0.0037568439729511738)
[   13.4s]   span                         (0.2205536887049675, 0.2205762267112732, 0.0016400727909058332)
[   13.4s]   quadrants_[--,-+,+-,++]      [166, 152, 148, 143]
[   13.4s] ---------------------------------------------------
[   13.4s] === Fold 1: x>0 -> x<0 (hinge = Y axis) ===
[   13.4s]   scripted hinge fold: axis=x angle=180 deg bend=12 mm lift=2.2 mm
[   13.4s] ---- after fold 1 ----
[   13.4s]   verts                        609
[   13.4s]   x                            (-0.11308605968952179, 1.058893212757539e-05)
[   13.4s]   y                            (-0.11253757029771805, 0.10803865641355515)
[   13.4s]   z                            (0.0014431560412049294, 0.008633451536297798)
[   13.4s]   span                         (0.11309664862164936, 0.2205762267112732, 0.007190295495092869)
[   13.4s]   quadrants_[--,-+,+-,++]      [318, 0, 287, 4]
[   13.4s] ---------------------------------------------------
[   13.4s] === Fold 2: y>0 -> y<0 (hinge = X axis) ===
[   13.5s]   scripted hinge fold: axis=y angle=180 deg bend=10 mm lift=2.2 mm
[   13.5s] ---- after fold 2 ----
[   13.5s]   verts                        609
[   13.5s]   x                            (-0.11308605968952179, 1.058893212757539e-05)
[   13.5s]   y                            (-0.11253757029771805, -5.718289685319178e-06)
[   13.5s]   z                            (-0.0004155710630584508, 0.008633451536297798)
[   13.5s]   span                         (0.11309664862164936, 0.11253185200803273, 0.009049022599356249)
[   13.5s]   quadrants_[--,-+,+-,++]      [605, 4, 0, 0]
[   13.5s] ---------------------------------------------------
[   13.5s] Tortilla material built (procedural, node-based).
[   13.5s] ---- final shell ----
[   13.6s]   verts                        19458
[   13.6s]   x                            (-0.11229084432125092, -0.0022568199783563614)
[   13.6s]   y                            (-0.1116282120347023, -0.0011922032572329044)
[   13.6s]   z                            (0.0007507832488045096, 0.008735453709959984)
[   13.6s]   span                         (0.11003402434289455, 0.1104360087774694, 0.007984670461155474)
[   13.6s]   quadrants_[--,-+,+-,++]      [19458, 0, 0, 0]
[   13.6s] ---------------------------------------------------
[   13.6s]   tortilla UV layers: ['UVMap']
[   13.6s]   sample UVs: [(0.32, 0.032), (0.643, 0.25), (0.429, 0.357), (1.014, 0.5), (0.536, 0.607), (0.357, 0.786), (0.643, 0.929)]
[   13.6s]   tortilla materials: ['TortillaMat']
[   13.6s]   material nodes: 18, links: 24
[   13.6s]     noise BlotchNoise scale=7.0 detail=8.0
[   13.6s]     noise CharNoise  scale=22.0 detail=7.0
[   13.6s]     noise FlourNoise scale=150.0 detail=3.0
Info: Saved as "tortilla_baked.blend"
[   13.6s] Saved .blend: /workspace/output/tortilla_baked.blend
[   13.6s] Wrote /workspace/output/run_info.txt
[   13.6s] --bake-only requested: skipping render.
[   13.6s] === done in 13.6s; outputs in /workspace/output ===
Blender 4.5.13 LTS (hash daeeeca98fb0 built 2026-08-25 01:31:19)
bake: frame 1 :: 25
bake: frame 2 :: 25
bake: frame 3 :: 25
bake: frame 4 :: 25
bake: frame 5 :: 25
bake: frame 6 :: 25
bake: frame 7 :: 25
bake: frame 8 :: 25
bake: frame 9 :: 25
bake: frame 10 :: 25
bake: frame 11 :: 25
bake: frame 12 :: 25
bake: frame 13 :: 25
bake: frame 14 :: 25
bake: frame 15 :: 25
bake: frame 16 :: 25
bake: frame 17 :: 25
bake: frame 18 :: 25
bake: frame 19 :: 25
bake: frame 20 :: 25
bake: frame 21 :: 25
bake: frame 22 :: 25
bake: frame 23 :: 25
bake: frame 24 :: 25
bake: frame 25 :: 25

# exit 0  25s  files: ['output/run_info.txt', 'output/tortilla_baked.blend']
